[0.009s] Invoking command in '/home/claudia-elez/Desktop/rover_description_ws/build/rover_description': CMAKE_PREFIX_PATH=${CMAKE_PREFIX_PATH}:/opt/ros/jazzy DEBUGINFOD_URLS=https://debuginfod.ubuntu.com /usr/bin/cmake /home/claudia-elez/Desktop/rover_description_ws/src/rover_description -DAMENT_CMAKE_SYMLINK_INSTALL=1 -DCMAKE_INSTALL_PREFIX=/home/claudia-elez/Desktop/rover_description_ws/install/rover_description
[0.050s] -- The C compiler identification is GNU 13.3.0
[0.085s] -- The CXX compiler identification is GNU 13.3.0
[0.097s] -- Detecting C compiler ABI info
[0.167s] -- Detecting C compiler ABI info - done
[0.172s] -- Check for working C compiler: /usr/bin/cc - skipped
[0.172s] -- Detecting C compile features
[0.173s] -- Detecting C compile features - done
[0.180s] -- Detecting CXX compiler ABI info
[0.251s] -- Detecting CXX compiler ABI info - done
[0.258s] -- Check for working CXX compiler: /usr/bin/c++ - skipped
[0.258s] -- Detecting CXX compile features
[0.258s] -- Detecting CXX compile features - done
[0.261s] -- Found ament_cmake: 2.5.6 (/opt/ros/jazzy/share/ament_cmake/cmake)
[0.368s] -- Found Python3: /usr/bin/python3 (found version "3.12.3") found components: Interpreter 
[0.414s] -- Override CMake install command with custom implementation using symlinks instead of copying resources
[0.453s] -- Found ament_lint_auto: 0.17.5 (/opt/ros/jazzy/share/ament_lint_auto/cmake)
[0.534s] -- Added test 'flake8' to check Python code syntax and style conventions
[0.534s] -- Configured 'flake8' exclude dirs and/or files: 
[0.535s] -- Added test 'lint_cmake' to check CMake code style
[0.536s] -- Added test 'pep257' to check Python code against some of the docstring style conventions in PEP 257
[0.537s] -- Added test 'xmllint' to check XML markup files
[0.538s] -- Configuring done (0.5s)
[0.540s] -- Generating done (0.0s)
[0.541s] -- Build files have been written to: /home/claudia-elez/Desktop/rover_description_ws/build/rover_description
[0.545s] Invoked command in '/home/claudia-elez/Desktop/rover_description_ws/build/rover_description' returned '0': CMAKE_PREFIX_PATH=${CMAKE_PREFIX_PATH}:/opt/ros/jazzy DEBUGINFOD_URLS=https://debuginfod.ubuntu.com /usr/bin/cmake /home/claudia-elez/Desktop/rover_description_ws/src/rover_description -DAMENT_CMAKE_SYMLINK_INSTALL=1 -DCMAKE_INSTALL_PREFIX=/home/claudia-elez/Desktop/rover_description_ws/install/rover_description
[0.545s] Invoking command in '/home/claudia-elez/Desktop/rover_description_ws/build/rover_description': CMAKE_PREFIX_PATH=${CMAKE_PREFIX_PATH}:/opt/ros/jazzy DEBUGINFOD_URLS=https://debuginfod.ubuntu.com /usr/bin/cmake --build /home/claudia-elez/Desktop/rover_description_ws/build/rover_description -- -j20 -l20
[0.572s] Invoked command in '/home/claudia-elez/Desktop/rover_description_ws/build/rover_description' returned '0': CMAKE_PREFIX_PATH=${CMAKE_PREFIX_PATH}:/opt/ros/jazzy DEBUGINFOD_URLS=https://debuginfod.ubuntu.com /usr/bin/cmake --build /home/claudia-elez/Desktop/rover_description_ws/build/rover_description -- -j20 -l20
[0.579s] Invoking command in '/home/claudia-elez/Desktop/rover_description_ws/build/rover_description': CMAKE_PREFIX_PATH=${CMAKE_PREFIX_PATH}:/opt/ros/jazzy DEBUGINFOD_URLS=https://debuginfod.ubuntu.com /usr/bin/cmake --install /home/claudia-elez/Desktop/rover_description_ws/build/rover_description
[0.586s] -- Install configuration: ""
[0.586s] -- Execute custom install script
[0.587s] -- Symlinking: /home/claudia-elez/Desktop/rover_description_ws/install/rover_description/share/rover_description/urdf/arm/gripper.urdf.xacro
[0.594s] -- Symlinking: /home/claudia-elez/Desktop/rover_description_ws/install/rover_description/share/rover_description/urdf/arm/scara.urdf.xacro
[0.600s] -- Symlinking: /home/claudia-elez/Desktop/rover_description_ws/install/rover_description/share/rover_description/urdf/base/robot_base.urdf.xacro
[0.607s] -- Symlinking: /home/claudia-elez/Desktop/rover_description_ws/install/rover_description/share/rover_description/urdf/ros2_control.urdf.xacro
[0.612s] -- Symlinking: /home/claudia-elez/Desktop/rover_description_ws/install/rover_description/share/rover_description/urdf/sensors/camera.urdf.xacro
[0.620s] -- Symlinking: /home/claudia-elez/Desktop/rover_description_ws/install/rover_description/share/rover_description/urdf/sensors/imu_sensor.urdf.xacro
[0.627s] -- Symlinking: /home/claudia-elez/Desktop/rover_description_ws/install/rover_description/share/rover_description/urdf/wheels/rover_wheels.urdf.xacro
[0.633s] -- Symlinking: /home/claudia-elez/Desktop/rover_description_ws/install/rover_description/share/rover_description/meshes/dae/Cube.003.dae
[0.640s] -- Symlinking: /home/claudia-elez/Desktop/rover_description_ws/install/rover_description/share/rover_description/meshes/dae/Cube.003.dae_history.log
[0.646s] -- Symlinking: /home/claudia-elez/Desktop/rover_description_ws/install/rover_description/share/rover_description/meshes/dae/Cube.004.dae
[0.652s] -- Symlinking: /home/claudia-elez/Desktop/rover_description_ws/install/rover_description/share/rover_description/meshes/dae/Cube.004.dae_history.log
[0.658s] -- Symlinking: /home/claudia-elez/Desktop/rover_description_ws/install/rover_description/share/rover_description/meshes/dae/Cube.005.dae
[0.665s] -- Symlinking: /home/claudia-elez/Desktop/rover_description_ws/install/rover_description/share/rover_description/meshes/dae/Cube.005.dae_history.log
[0.673s] -- Symlinking: /home/claudia-elez/Desktop/rover_description_ws/install/rover_description/share/rover_description/meshes/dae/Cube.007.dae
[0.679s] -- Symlinking: /home/claudia-elez/Desktop/rover_description_ws/install/rover_description/share/rover_description/meshes/dae/Cube.007.dae_history.log
[0.684s] -- Symlinking: /home/claudia-elez/Desktop/rover_description_ws/install/rover_description/share/rover_description/meshes/dae/Cylinder.001.dae
[0.692s] -- Symlinking: /home/claudia-elez/Desktop/rover_description_ws/install/rover_description/share/rover_description/meshes/dae/Cylinder.001.dae_history.log
[0.698s] -- Symlinking: /home/claudia-elez/Desktop/rover_description_ws/install/rover_description/share/rover_description/meshes/dae/Cylinder.002.dae
[0.703s] -- Symlinking: /home/claudia-elez/Desktop/rover_description_ws/install/rover_description/share/rover_description/meshes/dae/Cylinder.002.dae_history.log
[0.708s] -- Symlinking: /home/claudia-elez/Desktop/rover_description_ws/install/rover_description/share/rover_description/meshes/dae/Cylinder.003.dae
[0.714s] -- Symlinking: /home/claudia-elez/Desktop/rover_description_ws/install/rover_description/share/rover_description/meshes/dae/Cylinder.003.dae_history.log
[0.721s] -- Symlinking: /home/claudia-elez/Desktop/rover_description_ws/install/rover_description/share/rover_description/meshes/dae/Cylinder.004.dae
[0.726s] -- Symlinking: /home/claudia-elez/Desktop/rover_description_ws/install/rover_description/share/rover_description/meshes/dae/Cylinder.004.dae_history.log
[0.733s] -- Symlinking: /home/claudia-elez/Desktop/rover_description_ws/install/rover_description/share/rover_description/meshes/dae/Cylinder.005.dae
[0.740s] -- Symlinking: /home/claudia-elez/Desktop/rover_description_ws/install/rover_description/share/rover_description/meshes/dae/Cylinder.005.dae_history.log
[0.745s] -- Symlinking: /home/claudia-elez/Desktop/rover_description_ws/install/rover_description/share/rover_description/meshes/dae/Cylinder.dae
[0.751s] -- Symlinking: /home/claudia-elez/Desktop/rover_description_ws/install/rover_description/share/rover_description/meshes/dae/Cylinder.dae_history.log
[0.758s] -- Symlinking: /home/claudia-elez/Desktop/rover_description_ws/install/rover_description/share/rover_description/meshes/dae/Torus.005.dae
[0.765s] -- Symlinking: /home/claudia-elez/Desktop/rover_description_ws/install/rover_description/share/rover_description/meshes/dae/Torus.005.dae_history.log
[0.772s] -- Symlinking: /home/claudia-elez/Desktop/rover_description_ws/install/rover_description/share/rover_description/meshes/dae/Torus.006.dae
[0.779s] -- Symlinking: /home/claudia-elez/Desktop/rover_description_ws/install/rover_description/share/rover_description/meshes/dae/Torus.006.dae_history.log
[0.786s] -- Symlinking: /home/claudia-elez/Desktop/rover_description_ws/install/rover_description/share/rover_description/meshes/dae/Torus.007.dae
[0.792s] -- Symlinking: /home/claudia-elez/Desktop/rover_description_ws/install/rover_description/share/rover_description/meshes/dae/Torus.007.dae_history.log
[0.799s] -- Symlinking: /home/claudia-elez/Desktop/rover_description_ws/install/rover_description/share/rover_description/meshes/dae/Torus.008.dae
[0.806s] -- Symlinking: /home/claudia-elez/Desktop/rover_description_ws/install/rover_description/share/rover_description/meshes/dae/Torus.008.dae_history.log
[0.812s] -- Symlinking: /home/claudia-elez/Desktop/rover_description_ws/install/rover_description/share/rover_description/meshes/dae/Torus.009.dae
[0.820s] -- Symlinking: /home/claudia-elez/Desktop/rover_description_ws/install/rover_description/share/rover_description/meshes/dae/Torus.009.dae_history.log
[0.826s] -- Symlinking: /home/claudia-elez/Desktop/rover_description_ws/install/rover_description/share/rover_description/meshes/dae/Torus.dae
[0.832s] -- Symlinking: /home/claudia-elez/Desktop/rover_description_ws/install/rover_description/share/rover_description/meshes/dae/Torus.dae_history.log
[0.838s] -- Symlinking: /home/claudia-elez/Desktop/rover_description_ws/install/rover_description/share/rover_description/launch/robot_controller.launch.py
[0.843s] -- Symlinking: /home/claudia-elez/Desktop/rover_description_ws/install/rover_description/share/rover_description/launch/robot_st_pub.launch.py
[0.849s] -- Symlinking: /home/claudia-elez/Desktop/rover_description_ws/install/rover_description/share/rover_description/launch/robot_state_publisher.launch.py
[0.854s] -- Symlinking: /home/claudia-elez/Desktop/rover_description_ws/install/rover_description/share/rover_description/launch/spawn_robot.launch.py
[0.860s] -- Symlinking: /home/claudia-elez/Desktop/rover_description_ws/install/rover_description/share/rover_description/robots/robot.urdf.xacro
[0.867s] -- Symlinking: /home/claudia-elez/Desktop/rover_description_ws/install/rover_description/share/rover_description/rviz/robot.rviz
[0.874s] -- Symlinking: /home/claudia-elez/Desktop/rover_description_ws/install/rover_description/share/rover_description/config/config_completa
[0.881s] -- Symlinking: /home/claudia-elez/Desktop/rover_description_ws/install/rover_description/share/rover_description/config/robot_controllers.yaml
[0.888s] -- Symlinking: /home/claudia-elez/Desktop/rover_description_ws/install/rover_description/share/ament_index/resource_index/package_run_dependencies/rover_description
[0.893s] -- Symlinking: /home/claudia-elez/Desktop/rover_description_ws/install/rover_description/share/ament_index/resource_index/parent_prefix_path/rover_description
[0.900s] -- Symlinking: /home/claudia-elez/Desktop/rover_description_ws/install/rover_description/share/rover_description/environment/ament_prefix_path.sh
[0.907s] -- Symlinking: /home/claudia-elez/Desktop/rover_description_ws/install/rover_description/share/rover_description/environment/ament_prefix_path.dsv
[0.914s] -- Symlinking: /home/claudia-elez/Desktop/rover_description_ws/install/rover_description/share/rover_description/environment/path.sh
[0.921s] -- Symlinking: /home/claudia-elez/Desktop/rover_description_ws/install/rover_description/share/rover_description/environment/path.dsv
[0.928s] -- Symlinking: /home/claudia-elez/Desktop/rover_description_ws/install/rover_description/share/rover_description/local_setup.bash
[0.933s] -- Symlinking: /home/claudia-elez/Desktop/rover_description_ws/install/rover_description/share/rover_description/local_setup.sh
[0.938s] -- Symlinking: /home/claudia-elez/Desktop/rover_description_ws/install/rover_description/share/rover_description/local_setup.zsh
[0.946s] -- Symlinking: /home/claudia-elez/Desktop/rover_description_ws/install/rover_description/share/rover_description/local_setup.dsv
[0.952s] -- Symlinking: /home/claudia-elez/Desktop/rover_description_ws/install/rover_description/share/rover_description/package.dsv
[0.959s] -- Symlinking: /home/claudia-elez/Desktop/rover_description_ws/install/rover_description/share/ament_index/resource_index/packages/rover_description
[0.965s] -- Symlinking: /home/claudia-elez/Desktop/rover_description_ws/install/rover_description/share/rover_description/cmake/rover_descriptionConfig.cmake
[0.973s] -- Symlinking: /home/claudia-elez/Desktop/rover_description_ws/install/rover_description/share/rover_description/cmake/rover_descriptionConfig-version.cmake
[0.978s] -- Symlinking: /home/claudia-elez/Desktop/rover_description_ws/install/rover_description/share/rover_description/package.xml
[0.986s] Invoked command in '/home/claudia-elez/Desktop/rover_description_ws/build/rover_description' returned '0': CMAKE_PREFIX_PATH=${CMAKE_PREFIX_PATH}:/opt/ros/jazzy DEBUGINFOD_URLS=https://debuginfod.ubuntu.com /usr/bin/cmake --install /home/claudia-elez/Desktop/rover_description_ws/build/rover_description
