-- Install configuration: ""
-- Execute custom install script
-- Up-to-date symlink: /home/claudia-elez/Desktop/rover_description_ws/install/rover_description/share/rover_description/urdf/arm/gripper.urdf.xacro
-- Up-to-date symlink: /home/claudia-elez/Desktop/rover_description_ws/install/rover_description/share/rover_description/urdf/arm/scara.urdf.xacro
-- Up-to-date symlink: /home/claudia-elez/Desktop/rover_description_ws/install/rover_description/share/rover_description/urdf/base/robot_base.urdf.xacro
-- Up-to-date symlink: /home/claudia-elez/Desktop/rover_description_ws/install/rover_description/share/rover_description/urdf/ros2_control.urdf.xacro
-- Up-to-date symlink: /home/claudia-elez/Desktop/rover_description_ws/install/rover_description/share/rover_description/urdf/sensors/camera.urdf.xacro
-- Up-to-date symlink: /home/claudia-elez/Desktop/rover_description_ws/install/rover_description/share/rover_description/urdf/sensors/imu_sensor.urdf.xacro
-- Up-to-date symlink: /home/claudia-elez/Desktop/rover_description_ws/install/rover_description/share/rover_description/urdf/wheels/rover_wheels.urdf.xacro
-- Up-to-date symlink: /home/claudia-elez/Desktop/rover_description_ws/install/rover_description/share/rover_description/meshes/dae/Cube.003.dae
-- Up-to-date symlink: /home/claudia-elez/Desktop/rover_description_ws/install/rover_description/share/rover_description/meshes/dae/Cube.003.dae_history.log
-- Up-to-date symlink: /home/claudia-elez/Desktop/rover_description_ws/install/rover_description/share/rover_description/meshes/dae/Cube.004.dae
-- Up-to-date symlink: /home/claudia-elez/Desktop/rover_description_ws/install/rover_description/share/rover_description/meshes/dae/Cube.004.dae_history.log
-- Up-to-date symlink: /home/claudia-elez/Desktop/rover_description_ws/install/rover_description/share/rover_description/meshes/dae/Cube.005.dae
-- Up-to-date symlink: /home/claudia-elez/Desktop/rover_description_ws/install/rover_description/share/rover_description/meshes/dae/Cube.005.dae_history.log
-- Up-to-date symlink: /home/claudia-elez/Desktop/rover_description_ws/install/rover_description/share/rover_description/meshes/dae/Cube.007.dae
-- Up-to-date symlink: /home/claudia-elez/Desktop/rover_description_ws/install/rover_description/share/rover_description/meshes/dae/Cube.007.dae_history.log
-- Up-to-date symlink: /home/claudia-elez/Desktop/rover_description_ws/install/rover_description/share/rover_description/meshes/dae/Cylinder.001.dae
-- Up-to-date symlink: /home/claudia-elez/Desktop/rover_description_ws/install/rover_description/share/rover_description/meshes/dae/Cylinder.001.dae_history.log
-- Up-to-date symlink: /home/claudia-elez/Desktop/rover_description_ws/install/rover_description/share/rover_description/meshes/dae/Cylinder.002.dae
-- Up-to-date symlink: /home/claudia-elez/Desktop/rover_description_ws/install/rover_description/share/rover_description/meshes/dae/Cylinder.002.dae_history.log
-- Up-to-date symlink: /home/claudia-elez/Desktop/rover_description_ws/install/rover_description/share/rover_description/meshes/dae/Cylinder.003.dae
-- Up-to-date symlink: /home/claudia-elez/Desktop/rover_description_ws/install/rover_description/share/rover_description/meshes/dae/Cylinder.003.dae_history.log
-- Up-to-date symlink: /home/claudia-elez/Desktop/rover_description_ws/install/rover_description/share/rover_description/meshes/dae/Cylinder.004.dae
-- Up-to-date symlink: /home/claudia-elez/Desktop/rover_description_ws/install/rover_description/share/rover_description/meshes/dae/Cylinder.004.dae_history.log
-- Up-to-date symlink: /home/claudia-elez/Desktop/rover_description_ws/install/rover_description/share/rover_description/meshes/dae/Cylinder.005.dae
-- Up-to-date symlink: /home/claudia-elez/Desktop/rover_description_ws/install/rover_description/share/rover_description/meshes/dae/Cylinder.005.dae_history.log
-- Up-to-date symlink: /home/claudia-elez/Desktop/rover_description_ws/install/rover_description/share/rover_description/meshes/dae/Cylinder.dae
-- Up-to-date symlink: /home/claudia-elez/Desktop/rover_description_ws/install/rover_description/share/rover_description/meshes/dae/Cylinder.dae_history.log
-- Up-to-date symlink: /home/claudia-elez/Desktop/rover_description_ws/install/rover_description/share/rover_description/meshes/dae/Torus.005.dae
-- Up-to-date symlink: /home/claudia-elez/Desktop/rover_description_ws/install/rover_description/share/rover_description/meshes/dae/Torus.005.dae_history.log
-- Up-to-date symlink: /home/claudia-elez/Desktop/rover_description_ws/install/rover_description/share/rover_description/meshes/dae/Torus.006.dae
-- Up-to-date symlink: /home/claudia-elez/Desktop/rover_description_ws/install/rover_description/share/rover_description/meshes/dae/Torus.006.dae_history.log
-- Up-to-date symlink: /home/claudia-elez/Desktop/rover_description_ws/install/rover_description/share/rover_description/meshes/dae/Torus.007.dae
-- Up-to-date symlink: /home/claudia-elez/Desktop/rover_description_ws/install/rover_description/share/rover_description/meshes/dae/Torus.007.dae_history.log
-- Up-to-date symlink: /home/claudia-elez/Desktop/rover_description_ws/install/rover_description/share/rover_description/meshes/dae/Torus.008.dae
-- Up-to-date symlink: /home/claudia-elez/Desktop/rover_description_ws/install/rover_description/share/rover_description/meshes/dae/Torus.008.dae_history.log
-- Up-to-date symlink: /home/claudia-elez/Desktop/rover_description_ws/install/rover_description/share/rover_description/meshes/dae/Torus.009.dae
-- Up-to-date symlink: /home/claudia-elez/Desktop/rover_description_ws/install/rover_description/share/rover_description/meshes/dae/Torus.009.dae_history.log
-- Up-to-date symlink: /home/claudia-elez/Desktop/rover_description_ws/install/rover_description/share/rover_description/meshes/dae/Torus.dae
-- Up-to-date symlink: /home/claudia-elez/Desktop/rover_description_ws/install/rover_description/share/rover_description/meshes/dae/Torus.dae_history.log
-- Up-to-date symlink: /home/claudia-elez/Desktop/rover_description_ws/install/rover_description/share/rover_description/launch/robot_controller.launch.py
-- Up-to-date symlink: /home/claudia-elez/Desktop/rover_description_ws/install/rover_description/share/rover_description/launch/robot_st_pub.launch.py
-- Up-to-date symlink: /home/claudia-elez/Desktop/rover_description_ws/install/rover_description/share/rover_description/launch/robot_state_publisher.launch.py
-- Up-to-date symlink: /home/claudia-elez/Desktop/rover_description_ws/install/rover_description/share/rover_description/launch/spawn_robot.launch.py
-- Up-to-date symlink: /home/claudia-elez/Desktop/rover_description_ws/install/rover_description/share/rover_description/robots/robot.urdf.xacro
-- Up-to-date symlink: /home/claudia-elez/Desktop/rover_description_ws/install/rover_description/share/rover_description/rviz/robot.rviz
-- Up-to-date symlink: /home/claudia-elez/Desktop/rover_description_ws/install/rover_description/share/rover_description/config/config_completa
-- Up-to-date symlink: /home/claudia-elez/Desktop/rover_description_ws/install/rover_description/share/rover_description/config/robot_controllers.yaml
-- Up-to-date symlink: /home/claudia-elez/Desktop/rover_description_ws/install/rover_description/share/ament_index/resource_index/package_run_dependencies/rover_description
-- Up-to-date symlink: /home/claudia-elez/Desktop/rover_description_ws/install/rover_description/share/ament_index/resource_index/parent_prefix_path/rover_description
-- Up-to-date symlink: /home/claudia-elez/Desktop/rover_description_ws/install/rover_description/share/rover_description/environment/ament_prefix_path.sh
-- Up-to-date symlink: /home/claudia-elez/Desktop/rover_description_ws/install/rover_description/share/rover_description/environment/ament_prefix_path.dsv
-- Up-to-date symlink: /home/claudia-elez/Desktop/rover_description_ws/install/rover_description/share/rover_description/environment/path.sh
-- Up-to-date symlink: /home/claudia-elez/Desktop/rover_description_ws/install/rover_description/share/rover_description/environment/path.dsv
-- Up-to-date symlink: /home/claudia-elez/Desktop/rover_description_ws/install/rover_description/share/rover_description/local_setup.bash
-- Up-to-date symlink: /home/claudia-elez/Desktop/rover_description_ws/install/rover_description/share/rover_description/local_setup.sh
-- Up-to-date symlink: /home/claudia-elez/Desktop/rover_description_ws/install/rover_description/share/rover_description/local_setup.zsh
-- Up-to-date symlink: /home/claudia-elez/Desktop/rover_description_ws/install/rover_description/share/rover_description/local_setup.dsv
-- Symlinking: /home/claudia-elez/Desktop/rover_description_ws/install/rover_description/share/rover_description/package.dsv
-- Up-to-date symlink: /home/claudia-elez/Desktop/rover_description_ws/install/rover_description/share/ament_index/resource_index/packages/rover_description
-- Up-to-date symlink: /home/claudia-elez/Desktop/rover_description_ws/install/rover_description/share/rover_description/cmake/rover_descriptionConfig.cmake
-- Up-to-date symlink: /home/claudia-elez/Desktop/rover_description_ws/install/rover_description/share/rover_description/cmake/rover_descriptionConfig-version.cmake
-- Up-to-date symlink: /home/claudia-elez/Desktop/rover_description_ws/install/rover_description/share/rover_description/package.xml
