[0.009s] Invoking command in '/home/claudia-elez/Desktop/rover_description_ws/build/rover_description': CMAKE_PREFIX_PATH=${CMAKE_PREFIX_PATH}:/opt/ros/jazzy DEBUGINFOD_URLS=https://debuginfod.ubuntu.com /usr/bin/cmake --build /home/claudia-elez/Desktop/rover_description_ws/build/rover_description -- -j20 -l20
[0.054s] -- Found ament_cmake: 2.5.5 (/opt/ros/jazzy/share/ament_cmake/cmake)
[0.196s] -- Override CMake install command with custom implementation using symlinks instead of copying resources
[0.209s] -- Found ament_lint_auto: 0.17.4 (/opt/ros/jazzy/share/ament_lint_auto/cmake)
[0.275s] -- Added test 'flake8' to check Python code syntax and style conventions
[0.275s] -- Configured 'flake8' exclude dirs and/or files: 
[0.276s] -- Added test 'lint_cmake' to check CMake code style
[0.276s] -- Added test 'pep257' to check Python code against some of the docstring style conventions in PEP 257
[0.278s] -- Added test 'xmllint' to check XML markup files
[0.280s] -- Configuring done (0.2s)
[0.287s] -- Generating done (0.0s)
[0.288s] -- Build files have been written to: /home/claudia-elez/Desktop/rover_description_ws/build/rover_description
[0.304s] Invoked command in '/home/claudia-elez/Desktop/rover_description_ws/build/rover_description' returned '0': CMAKE_PREFIX_PATH=${CMAKE_PREFIX_PATH}:/opt/ros/jazzy DEBUGINFOD_URLS=https://debuginfod.ubuntu.com /usr/bin/cmake --build /home/claudia-elez/Desktop/rover_description_ws/build/rover_description -- -j20 -l20
[0.305s] Invoking command in '/home/claudia-elez/Desktop/rover_description_ws/build/rover_description': CMAKE_PREFIX_PATH=${CMAKE_PREFIX_PATH}:/opt/ros/jazzy DEBUGINFOD_URLS=https://debuginfod.ubuntu.com /usr/bin/cmake --install /home/claudia-elez/Desktop/rover_description_ws/build/rover_description
[0.310s] -- Install configuration: ""
[0.310s] -- Execute custom install script
[0.311s] -- Up-to-date symlink: /home/claudia-elez/Desktop/rover_description_ws/install/rover_description/share/rover_description/urdf/arm/gripper.urdf.xacro
[0.311s] -- Up-to-date symlink: /home/claudia-elez/Desktop/rover_description_ws/install/rover_description/share/rover_description/urdf/arm/scara.urdf.xacro
[0.311s] -- Up-to-date symlink: /home/claudia-elez/Desktop/rover_description_ws/install/rover_description/share/rover_description/urdf/base/robot_base.urdf.xacro
[0.311s] -- Up-to-date symlink: /home/claudia-elez/Desktop/rover_description_ws/install/rover_description/share/rover_description/urdf/ros2_control.urdf.xacro
[0.311s] -- Up-to-date symlink: /home/claudia-elez/Desktop/rover_description_ws/install/rover_description/share/rover_description/urdf/rover_modelado.urdf
[0.311s] -- Up-to-date symlink: /home/claudia-elez/Desktop/rover_description_ws/install/rover_description/share/rover_description/urdf/sensors/camera.urdf.xacro
[0.311s] -- Up-to-date symlink: /home/claudia-elez/Desktop/rover_description_ws/install/rover_description/share/rover_description/urdf/sensors/imu_sensor.urdf.xacro
[0.311s] -- Up-to-date symlink: /home/claudia-elez/Desktop/rover_description_ws/install/rover_description/share/rover_description/urdf/wheels/rover_wheels.urdf.xacro
[0.312s] -- Up-to-date symlink: /home/claudia-elez/Desktop/rover_description_ws/install/rover_description/share/rover_description/meshes/dae/Cube.003.dae
[0.312s] -- Up-to-date symlink: /home/claudia-elez/Desktop/rover_description_ws/install/rover_description/share/rover_description/meshes/dae/Cube.003.dae_history.log
[0.312s] -- Up-to-date symlink: /home/claudia-elez/Desktop/rover_description_ws/install/rover_description/share/rover_description/meshes/dae/Cube.004.dae
[0.312s] -- Up-to-date symlink: /home/claudia-elez/Desktop/rover_description_ws/install/rover_description/share/rover_description/meshes/dae/Cube.004.dae_history.log
[0.312s] -- Up-to-date symlink: /home/claudia-elez/Desktop/rover_description_ws/install/rover_description/share/rover_description/meshes/dae/Cube.005.dae
[0.312s] -- Up-to-date symlink: /home/claudia-elez/Desktop/rover_description_ws/install/rover_description/share/rover_description/meshes/dae/Cube.005.dae_history.log
[0.312s] -- Up-to-date symlink: /home/claudia-elez/Desktop/rover_description_ws/install/rover_description/share/rover_description/meshes/dae/Cube.007.dae
[0.312s] -- Up-to-date symlink: /home/claudia-elez/Desktop/rover_description_ws/install/rover_description/share/rover_description/meshes/dae/Cube.007.dae_history.log
[0.313s] -- Up-to-date symlink: /home/claudia-elez/Desktop/rover_description_ws/install/rover_description/share/rover_description/meshes/dae/Cylinder.001.dae
[0.313s] -- Up-to-date symlink: /home/claudia-elez/Desktop/rover_description_ws/install/rover_description/share/rover_description/meshes/dae/Cylinder.001.dae_history.log
[0.313s] -- Up-to-date symlink: /home/claudia-elez/Desktop/rover_description_ws/install/rover_description/share/rover_description/meshes/dae/Cylinder.002.dae
[0.313s] -- Up-to-date symlink: /home/claudia-elez/Desktop/rover_description_ws/install/rover_description/share/rover_description/meshes/dae/Cylinder.002.dae_history.log
[0.313s] -- Up-to-date symlink: /home/claudia-elez/Desktop/rover_description_ws/install/rover_description/share/rover_description/meshes/dae/Cylinder.003.dae
[0.313s] -- Up-to-date symlink: /home/claudia-elez/Desktop/rover_description_ws/install/rover_description/share/rover_description/meshes/dae/Cylinder.003.dae_history.log
[0.313s] -- Up-to-date symlink: /home/claudia-elez/Desktop/rover_description_ws/install/rover_description/share/rover_description/meshes/dae/Cylinder.004.dae
[0.313s] -- Up-to-date symlink: /home/claudia-elez/Desktop/rover_description_ws/install/rover_description/share/rover_description/meshes/dae/Cylinder.004.dae_history.log
[0.313s] -- Up-to-date symlink: /home/claudia-elez/Desktop/rover_description_ws/install/rover_description/share/rover_description/meshes/dae/Cylinder.005.dae
[0.313s] -- Up-to-date symlink: /home/claudia-elez/Desktop/rover_description_ws/install/rover_description/share/rover_description/meshes/dae/Cylinder.005.dae_history.log
[0.313s] -- Up-to-date symlink: /home/claudia-elez/Desktop/rover_description_ws/install/rover_description/share/rover_description/meshes/dae/Cylinder.dae
[0.314s] -- Up-to-date symlink: /home/claudia-elez/Desktop/rover_description_ws/install/rover_description/share/rover_description/meshes/dae/Cylinder.dae_history.log
[0.314s] -- Up-to-date symlink: /home/claudia-elez/Desktop/rover_description_ws/install/rover_description/share/rover_description/meshes/dae/Torus.005.dae
[0.314s] -- Up-to-date symlink: /home/claudia-elez/Desktop/rover_description_ws/install/rover_description/share/rover_description/meshes/dae/Torus.005.dae_history.log
[0.314s] -- Up-to-date symlink: /home/claudia-elez/Desktop/rover_description_ws/install/rover_description/share/rover_description/meshes/dae/Torus.006.dae
[0.314s] -- Up-to-date symlink: /home/claudia-elez/Desktop/rover_description_ws/install/rover_description/share/rover_description/meshes/dae/Torus.006.dae_history.log
[0.314s] -- Up-to-date symlink: /home/claudia-elez/Desktop/rover_description_ws/install/rover_description/share/rover_description/meshes/dae/Torus.007.dae
[0.314s] -- Up-to-date symlink: /home/claudia-elez/Desktop/rover_description_ws/install/rover_description/share/rover_description/meshes/dae/Torus.007.dae_history.log
[0.314s] -- Up-to-date symlink: /home/claudia-elez/Desktop/rover_description_ws/install/rover_description/share/rover_description/meshes/dae/Torus.008.dae
[0.314s] -- Up-to-date symlink: /home/claudia-elez/Desktop/rover_description_ws/install/rover_description/share/rover_description/meshes/dae/Torus.008.dae_history.log
[0.314s] -- Up-to-date symlink: /home/claudia-elez/Desktop/rover_description_ws/install/rover_description/share/rover_description/meshes/dae/Torus.009.dae
[0.314s] -- Up-to-date symlink: /home/claudia-elez/Desktop/rover_description_ws/install/rover_description/share/rover_description/meshes/dae/Torus.009.dae_history.log
[0.314s] -- Up-to-date symlink: /home/claudia-elez/Desktop/rover_description_ws/install/rover_description/share/rover_description/meshes/dae/Torus.dae
[0.315s] -- Up-to-date symlink: /home/claudia-elez/Desktop/rover_description_ws/install/rover_description/share/rover_description/meshes/dae/Torus.dae_history.log
[0.315s] -- Up-to-date symlink: /home/claudia-elez/Desktop/rover_description_ws/install/rover_description/share/rover_description/launch/robot_state_publisher.launch.py
[0.315s] -- Up-to-date symlink: /home/claudia-elez/Desktop/rover_description_ws/install/rover_description/share/rover_description/robots/robot.urdf.xacro
[0.315s] -- Up-to-date symlink: /home/claudia-elez/Desktop/rover_description_ws/install/rover_description/share/rover_description/rviz/robot.rviz
[0.315s] -- Symlinking: /home/claudia-elez/Desktop/rover_description_ws/install/rover_description/share/rover_description/config/robot_controllers.yaml
[0.320s] -- Up-to-date symlink: /home/claudia-elez/Desktop/rover_description_ws/install/rover_description/share/ament_index/resource_index/package_run_dependencies/rover_description
[0.320s] -- Up-to-date symlink: /home/claudia-elez/Desktop/rover_description_ws/install/rover_description/share/ament_index/resource_index/parent_prefix_path/rover_description
[0.320s] -- Up-to-date symlink: /home/claudia-elez/Desktop/rover_description_ws/install/rover_description/share/rover_description/environment/ament_prefix_path.sh
[0.320s] -- Up-to-date symlink: /home/claudia-elez/Desktop/rover_description_ws/install/rover_description/share/rover_description/environment/ament_prefix_path.dsv
[0.320s] -- Up-to-date symlink: /home/claudia-elez/Desktop/rover_description_ws/install/rover_description/share/rover_description/environment/path.sh
[0.321s] -- Up-to-date symlink: /home/claudia-elez/Desktop/rover_description_ws/install/rover_description/share/rover_description/environment/path.dsv
[0.321s] -- Up-to-date symlink: /home/claudia-elez/Desktop/rover_description_ws/install/rover_description/share/rover_description/local_setup.bash
[0.321s] -- Up-to-date symlink: /home/claudia-elez/Desktop/rover_description_ws/install/rover_description/share/rover_description/local_setup.sh
[0.321s] -- Up-to-date symlink: /home/claudia-elez/Desktop/rover_description_ws/install/rover_description/share/rover_description/local_setup.zsh
[0.321s] -- Up-to-date symlink: /home/claudia-elez/Desktop/rover_description_ws/install/rover_description/share/rover_description/local_setup.dsv
[0.321s] -- Symlinking: /home/claudia-elez/Desktop/rover_description_ws/install/rover_description/share/rover_description/package.dsv
[0.326s] -- Up-to-date symlink: /home/claudia-elez/Desktop/rover_description_ws/install/rover_description/share/ament_index/resource_index/packages/rover_description
[0.327s] -- Up-to-date symlink: /home/claudia-elez/Desktop/rover_description_ws/install/rover_description/share/rover_description/cmake/rover_descriptionConfig.cmake
[0.327s] -- Up-to-date symlink: /home/claudia-elez/Desktop/rover_description_ws/install/rover_description/share/rover_description/cmake/rover_descriptionConfig-version.cmake
[0.327s] -- Up-to-date symlink: /home/claudia-elez/Desktop/rover_description_ws/install/rover_description/share/rover_description/package.xml
[0.329s] Invoked command in '/home/claudia-elez/Desktop/rover_description_ws/build/rover_description' returned '0': CMAKE_PREFIX_PATH=${CMAKE_PREFIX_PATH}:/opt/ros/jazzy DEBUGINFOD_URLS=https://debuginfod.ubuntu.com /usr/bin/cmake --install /home/claudia-elez/Desktop/rover_description_ws/build/rover_description
