[0.068s] DEBUG:colcon:Command line arguments: ['/usr/bin/colcon', 'build', '--symlink-install']
[0.068s] DEBUG:colcon:Parsed command line arguments: Namespace(log_base=None, log_level=None, verb_name='build', build_base='build', install_base='install', merge_install=False, symlink_install=True, test_result_base=None, continue_on_error=False, executor='parallel', parallel_workers=20, event_handlers=None, ignore_user_meta=False, metas=['./colcon.meta'], base_paths=['.'], packages_ignore=None, packages_ignore_regex=None, paths=None, packages_up_to=None, packages_up_to_regex=None, packages_above=None, packages_above_and_dependencies=None, packages_above_depth=None, packages_select_by_dep=None, packages_skip_by_dep=None, packages_skip_up_to=None, packages_select_build_failed=False, packages_skip_build_finished=False, packages_select_test_failures=False, packages_skip_test_passed=False, packages_select=None, packages_skip=None, packages_select_regex=None, packages_skip_regex=None, packages_start=None, packages_end=None, allow_overriding=[], cmake_args=None, cmake_target=None, cmake_target_skip_unavailable=False, cmake_clean_cache=False, cmake_clean_first=False, cmake_force_configure=False, ament_cmake_args=None, catkin_cmake_args=None, catkin_skip_building_tests=False, mixin_files=None, mixin=None, verb_parser=<colcon_mixin.mixin.mixin_argument.MixinArgumentDecorator object at 0x7315d99a24b0>, verb_extension=<colcon_core.verb.build.BuildVerb object at 0x7315d9ac2480>, main=<bound method BuildVerb.main of <colcon_core.verb.build.BuildVerb object at 0x7315d9ac2480>>, mixin_verb=('build',))
[0.097s] Level 1:colcon.colcon_core.package_discovery:discover_packages(colcon_meta) check parameters
[0.097s] Level 1:colcon.colcon_core.package_discovery:discover_packages(recursive) check parameters
[0.097s] Level 1:colcon.colcon_core.package_discovery:discover_packages(ignore) check parameters
[0.097s] Level 1:colcon.colcon_core.package_discovery:discover_packages(path) check parameters
[0.097s] Level 1:colcon.colcon_core.package_discovery:discover_packages(colcon_meta) discover
[0.097s] Level 1:colcon.colcon_core.package_discovery:discover_packages(recursive) discover
[0.098s] INFO:colcon.colcon_core.package_discovery:Crawling recursively for packages in '/home/claudia-elez/Desktop/rover_description_ws'
[0.098s] Level 1:colcon.colcon_core.package_identification:_identify(.) by extensions ['ignore', 'ignore_ament_install']
[0.098s] Level 1:colcon.colcon_core.package_identification:_identify(.) by extension 'ignore'
[0.098s] Level 1:colcon.colcon_core.package_identification:_identify(.) by extension 'ignore_ament_install'
[0.098s] Level 1:colcon.colcon_core.package_identification:_identify(.) by extensions ['colcon_pkg']
[0.098s] Level 1:colcon.colcon_core.package_identification:_identify(.) by extension 'colcon_pkg'
[0.098s] Level 1:colcon.colcon_core.package_identification:_identify(.) by extensions ['colcon_meta']
[0.098s] Level 1:colcon.colcon_core.package_identification:_identify(.) by extension 'colcon_meta'
[0.098s] Level 1:colcon.colcon_core.package_identification:_identify(.) by extensions ['ros']
[0.098s] Level 1:colcon.colcon_core.package_identification:_identify(.) by extension 'ros'
[0.112s] Level 1:colcon.colcon_core.package_identification:_identify(.) by extensions ['cmake', 'python']
[0.112s] Level 1:colcon.colcon_core.package_identification:_identify(.) by extension 'cmake'
[0.112s] Level 1:colcon.colcon_core.package_identification:_identify(.) by extension 'python'
[0.112s] Level 1:colcon.colcon_core.package_identification:_identify(.) by extensions ['python_setup_py']
[0.112s] Level 1:colcon.colcon_core.package_identification:_identify(.) by extension 'python_setup_py'
[0.113s] Level 1:colcon.colcon_core.package_identification:_identify(build) by extensions ['ignore', 'ignore_ament_install']
[0.113s] Level 1:colcon.colcon_core.package_identification:_identify(build) by extension 'ignore'
[0.113s] Level 1:colcon.colcon_core.package_identification:_identify(build) ignored
[0.113s] Level 1:colcon.colcon_core.package_identification:_identify(docs) by extensions ['ignore', 'ignore_ament_install']
[0.113s] Level 1:colcon.colcon_core.package_identification:_identify(docs) by extension 'ignore'
[0.113s] Level 1:colcon.colcon_core.package_identification:_identify(docs) by extension 'ignore_ament_install'
[0.113s] Level 1:colcon.colcon_core.package_identification:_identify(docs) by extensions ['colcon_pkg']
[0.113s] Level 1:colcon.colcon_core.package_identification:_identify(docs) by extension 'colcon_pkg'
[0.113s] Level 1:colcon.colcon_core.package_identification:_identify(docs) by extensions ['colcon_meta']
[0.113s] Level 1:colcon.colcon_core.package_identification:_identify(docs) by extension 'colcon_meta'
[0.113s] Level 1:colcon.colcon_core.package_identification:_identify(docs) by extensions ['ros']
[0.113s] Level 1:colcon.colcon_core.package_identification:_identify(docs) by extension 'ros'
[0.113s] Level 1:colcon.colcon_core.package_identification:_identify(docs) by extensions ['cmake', 'python']
[0.113s] Level 1:colcon.colcon_core.package_identification:_identify(docs) by extension 'cmake'
[0.113s] Level 1:colcon.colcon_core.package_identification:_identify(docs) by extension 'python'
[0.113s] Level 1:colcon.colcon_core.package_identification:_identify(docs) by extensions ['python_setup_py']
[0.113s] Level 1:colcon.colcon_core.package_identification:_identify(docs) by extension 'python_setup_py'
[0.113s] Level 1:colcon.colcon_core.package_identification:_identify(graficas) by extensions ['ignore', 'ignore_ament_install']
[0.113s] Level 1:colcon.colcon_core.package_identification:_identify(graficas) by extension 'ignore'
[0.113s] Level 1:colcon.colcon_core.package_identification:_identify(graficas) by extension 'ignore_ament_install'
[0.113s] Level 1:colcon.colcon_core.package_identification:_identify(graficas) by extensions ['colcon_pkg']
[0.113s] Level 1:colcon.colcon_core.package_identification:_identify(graficas) by extension 'colcon_pkg'
[0.113s] Level 1:colcon.colcon_core.package_identification:_identify(graficas) by extensions ['colcon_meta']
[0.113s] Level 1:colcon.colcon_core.package_identification:_identify(graficas) by extension 'colcon_meta'
[0.113s] Level 1:colcon.colcon_core.package_identification:_identify(graficas) by extensions ['ros']
[0.113s] Level 1:colcon.colcon_core.package_identification:_identify(graficas) by extension 'ros'
[0.113s] Level 1:colcon.colcon_core.package_identification:_identify(graficas) by extensions ['cmake', 'python']
[0.113s] Level 1:colcon.colcon_core.package_identification:_identify(graficas) by extension 'cmake'
[0.113s] Level 1:colcon.colcon_core.package_identification:_identify(graficas) by extension 'python'
[0.113s] Level 1:colcon.colcon_core.package_identification:_identify(graficas) by extensions ['python_setup_py']
[0.113s] Level 1:colcon.colcon_core.package_identification:_identify(graficas) by extension 'python_setup_py'
[0.113s] Level 1:colcon.colcon_core.package_identification:_identify(install) by extensions ['ignore', 'ignore_ament_install']
[0.113s] Level 1:colcon.colcon_core.package_identification:_identify(install) by extension 'ignore'
[0.113s] Level 1:colcon.colcon_core.package_identification:_identify(install) ignored
[0.113s] Level 1:colcon.colcon_core.package_identification:_identify(log) by extensions ['ignore', 'ignore_ament_install']
[0.113s] Level 1:colcon.colcon_core.package_identification:_identify(log) by extension 'ignore'
[0.113s] Level 1:colcon.colcon_core.package_identification:_identify(log) ignored
[0.113s] Level 1:colcon.colcon_core.package_identification:_identify(rosbag2_2026_05_07-20_25_11) by extensions ['ignore', 'ignore_ament_install']
[0.113s] Level 1:colcon.colcon_core.package_identification:_identify(rosbag2_2026_05_07-20_25_11) by extension 'ignore'
[0.113s] Level 1:colcon.colcon_core.package_identification:_identify(rosbag2_2026_05_07-20_25_11) by extension 'ignore_ament_install'
[0.114s] Level 1:colcon.colcon_core.package_identification:_identify(rosbag2_2026_05_07-20_25_11) by extensions ['colcon_pkg']
[0.114s] Level 1:colcon.colcon_core.package_identification:_identify(rosbag2_2026_05_07-20_25_11) by extension 'colcon_pkg'
[0.114s] Level 1:colcon.colcon_core.package_identification:_identify(rosbag2_2026_05_07-20_25_11) by extensions ['colcon_meta']
[0.114s] Level 1:colcon.colcon_core.package_identification:_identify(rosbag2_2026_05_07-20_25_11) by extension 'colcon_meta'
[0.114s] Level 1:colcon.colcon_core.package_identification:_identify(rosbag2_2026_05_07-20_25_11) by extensions ['ros']
[0.114s] Level 1:colcon.colcon_core.package_identification:_identify(rosbag2_2026_05_07-20_25_11) by extension 'ros'
[0.114s] Level 1:colcon.colcon_core.package_identification:_identify(rosbag2_2026_05_07-20_25_11) by extensions ['cmake', 'python']
[0.114s] Level 1:colcon.colcon_core.package_identification:_identify(rosbag2_2026_05_07-20_25_11) by extension 'cmake'
[0.114s] Level 1:colcon.colcon_core.package_identification:_identify(rosbag2_2026_05_07-20_25_11) by extension 'python'
[0.114s] Level 1:colcon.colcon_core.package_identification:_identify(rosbag2_2026_05_07-20_25_11) by extensions ['python_setup_py']
[0.114s] Level 1:colcon.colcon_core.package_identification:_identify(rosbag2_2026_05_07-20_25_11) by extension 'python_setup_py'
[0.114s] Level 1:colcon.colcon_core.package_identification:_identify(rosbag2_2026_05_07-20_48_34) by extensions ['ignore', 'ignore_ament_install']
[0.114s] Level 1:colcon.colcon_core.package_identification:_identify(rosbag2_2026_05_07-20_48_34) by extension 'ignore'
[0.114s] Level 1:colcon.colcon_core.package_identification:_identify(rosbag2_2026_05_07-20_48_34) by extension 'ignore_ament_install'
[0.114s] Level 1:colcon.colcon_core.package_identification:_identify(rosbag2_2026_05_07-20_48_34) by extensions ['colcon_pkg']
[0.114s] Level 1:colcon.colcon_core.package_identification:_identify(rosbag2_2026_05_07-20_48_34) by extension 'colcon_pkg'
[0.114s] Level 1:colcon.colcon_core.package_identification:_identify(rosbag2_2026_05_07-20_48_34) by extensions ['colcon_meta']
[0.114s] Level 1:colcon.colcon_core.package_identification:_identify(rosbag2_2026_05_07-20_48_34) by extension 'colcon_meta'
[0.114s] Level 1:colcon.colcon_core.package_identification:_identify(rosbag2_2026_05_07-20_48_34) by extensions ['ros']
[0.114s] Level 1:colcon.colcon_core.package_identification:_identify(rosbag2_2026_05_07-20_48_34) by extension 'ros'
[0.114s] Level 1:colcon.colcon_core.package_identification:_identify(rosbag2_2026_05_07-20_48_34) by extensions ['cmake', 'python']
[0.114s] Level 1:colcon.colcon_core.package_identification:_identify(rosbag2_2026_05_07-20_48_34) by extension 'cmake'
[0.114s] Level 1:colcon.colcon_core.package_identification:_identify(rosbag2_2026_05_07-20_48_34) by extension 'python'
[0.114s] Level 1:colcon.colcon_core.package_identification:_identify(rosbag2_2026_05_07-20_48_34) by extensions ['python_setup_py']
[0.114s] Level 1:colcon.colcon_core.package_identification:_identify(rosbag2_2026_05_07-20_48_34) by extension 'python_setup_py'
[0.114s] Level 1:colcon.colcon_core.package_identification:_identify(rosbag2_2026_05_08-09_33_07) by extensions ['ignore', 'ignore_ament_install']
[0.114s] Level 1:colcon.colcon_core.package_identification:_identify(rosbag2_2026_05_08-09_33_07) by extension 'ignore'
[0.114s] Level 1:colcon.colcon_core.package_identification:_identify(rosbag2_2026_05_08-09_33_07) by extension 'ignore_ament_install'
[0.114s] Level 1:colcon.colcon_core.package_identification:_identify(rosbag2_2026_05_08-09_33_07) by extensions ['colcon_pkg']
[0.114s] Level 1:colcon.colcon_core.package_identification:_identify(rosbag2_2026_05_08-09_33_07) by extension 'colcon_pkg'
[0.114s] Level 1:colcon.colcon_core.package_identification:_identify(rosbag2_2026_05_08-09_33_07) by extensions ['colcon_meta']
[0.114s] Level 1:colcon.colcon_core.package_identification:_identify(rosbag2_2026_05_08-09_33_07) by extension 'colcon_meta'
[0.114s] Level 1:colcon.colcon_core.package_identification:_identify(rosbag2_2026_05_08-09_33_07) by extensions ['ros']
[0.114s] Level 1:colcon.colcon_core.package_identification:_identify(rosbag2_2026_05_08-09_33_07) by extension 'ros'
[0.114s] Level 1:colcon.colcon_core.package_identification:_identify(rosbag2_2026_05_08-09_33_07) by extensions ['cmake', 'python']
[0.114s] Level 1:colcon.colcon_core.package_identification:_identify(rosbag2_2026_05_08-09_33_07) by extension 'cmake'
[0.114s] Level 1:colcon.colcon_core.package_identification:_identify(rosbag2_2026_05_08-09_33_07) by extension 'python'
[0.114s] Level 1:colcon.colcon_core.package_identification:_identify(rosbag2_2026_05_08-09_33_07) by extensions ['python_setup_py']
[0.114s] Level 1:colcon.colcon_core.package_identification:_identify(rosbag2_2026_05_08-09_33_07) by extension 'python_setup_py'
[0.114s] Level 1:colcon.colcon_core.package_identification:_identify(src) by extensions ['ignore', 'ignore_ament_install']
[0.114s] Level 1:colcon.colcon_core.package_identification:_identify(src) by extension 'ignore'
[0.114s] Level 1:colcon.colcon_core.package_identification:_identify(src) by extension 'ignore_ament_install'
[0.114s] Level 1:colcon.colcon_core.package_identification:_identify(src) by extensions ['colcon_pkg']
[0.114s] Level 1:colcon.colcon_core.package_identification:_identify(src) by extension 'colcon_pkg'
[0.114s] Level 1:colcon.colcon_core.package_identification:_identify(src) by extensions ['colcon_meta']
[0.114s] Level 1:colcon.colcon_core.package_identification:_identify(src) by extension 'colcon_meta'
[0.114s] Level 1:colcon.colcon_core.package_identification:_identify(src) by extensions ['ros']
[0.114s] Level 1:colcon.colcon_core.package_identification:_identify(src) by extension 'ros'
[0.115s] Level 1:colcon.colcon_core.package_identification:_identify(src) by extensions ['cmake', 'python']
[0.115s] Level 1:colcon.colcon_core.package_identification:_identify(src) by extension 'cmake'
[0.115s] Level 1:colcon.colcon_core.package_identification:_identify(src) by extension 'python'
[0.115s] Level 1:colcon.colcon_core.package_identification:_identify(src) by extensions ['python_setup_py']
[0.115s] Level 1:colcon.colcon_core.package_identification:_identify(src) by extension 'python_setup_py'
[0.115s] Level 1:colcon.colcon_core.package_identification:_identify(src/rover_description) by extensions ['ignore', 'ignore_ament_install']
[0.115s] Level 1:colcon.colcon_core.package_identification:_identify(src/rover_description) by extension 'ignore'
[0.115s] Level 1:colcon.colcon_core.package_identification:_identify(src/rover_description) by extension 'ignore_ament_install'
[0.115s] Level 1:colcon.colcon_core.package_identification:_identify(src/rover_description) by extensions ['colcon_pkg']
[0.115s] Level 1:colcon.colcon_core.package_identification:_identify(src/rover_description) by extension 'colcon_pkg'
[0.115s] Level 1:colcon.colcon_core.package_identification:_identify(src/rover_description) by extensions ['colcon_meta']
[0.115s] Level 1:colcon.colcon_core.package_identification:_identify(src/rover_description) by extension 'colcon_meta'
[0.115s] Level 1:colcon.colcon_core.package_identification:_identify(src/rover_description) by extensions ['ros']
[0.115s] Level 1:colcon.colcon_core.package_identification:_identify(src/rover_description) by extension 'ros'
[0.116s] DEBUG:colcon.colcon_core.package_identification:Package 'src/rover_description' with type 'ros.ament_cmake' and name 'rover_description'
[0.116s] Level 1:colcon.colcon_core.package_identification:_identify(src/rover_moveit_config) by extensions ['ignore', 'ignore_ament_install']
[0.116s] Level 1:colcon.colcon_core.package_identification:_identify(src/rover_moveit_config) by extension 'ignore'
[0.116s] Level 1:colcon.colcon_core.package_identification:_identify(src/rover_moveit_config) by extension 'ignore_ament_install'
[0.116s] Level 1:colcon.colcon_core.package_identification:_identify(src/rover_moveit_config) by extensions ['colcon_pkg']
[0.116s] Level 1:colcon.colcon_core.package_identification:_identify(src/rover_moveit_config) by extension 'colcon_pkg'
[0.116s] Level 1:colcon.colcon_core.package_identification:_identify(src/rover_moveit_config) by extensions ['colcon_meta']
[0.116s] Level 1:colcon.colcon_core.package_identification:_identify(src/rover_moveit_config) by extension 'colcon_meta'
[0.116s] Level 1:colcon.colcon_core.package_identification:_identify(src/rover_moveit_config) by extensions ['ros']
[0.116s] Level 1:colcon.colcon_core.package_identification:_identify(src/rover_moveit_config) by extension 'ros'
[0.117s] DEBUG:colcon.colcon_core.package_identification:Package 'src/rover_moveit_config' with type 'ros.ament_cmake' and name 'rover_moveit_config'
[0.117s] Level 1:colcon.colcon_core.package_identification:_identify(src/urjc-excavation-world) by extensions ['ignore', 'ignore_ament_install']
[0.117s] Level 1:colcon.colcon_core.package_identification:_identify(src/urjc-excavation-world) by extension 'ignore'
[0.117s] Level 1:colcon.colcon_core.package_identification:_identify(src/urjc-excavation-world) by extension 'ignore_ament_install'
[0.117s] Level 1:colcon.colcon_core.package_identification:_identify(src/urjc-excavation-world) by extensions ['colcon_pkg']
[0.117s] Level 1:colcon.colcon_core.package_identification:_identify(src/urjc-excavation-world) by extension 'colcon_pkg'
[0.117s] Level 1:colcon.colcon_core.package_identification:_identify(src/urjc-excavation-world) by extensions ['colcon_meta']
[0.117s] Level 1:colcon.colcon_core.package_identification:_identify(src/urjc-excavation-world) by extension 'colcon_meta'
[0.117s] Level 1:colcon.colcon_core.package_identification:_identify(src/urjc-excavation-world) by extensions ['ros']
[0.117s] Level 1:colcon.colcon_core.package_identification:_identify(src/urjc-excavation-world) by extension 'ros'
[0.117s] DEBUG:colcon.colcon_core.package_identification:Package 'src/urjc-excavation-world' with type 'ros.ament_cmake' and name 'urjc_excavation_world'
[0.117s] Level 1:colcon.colcon_core.package_discovery:discover_packages(recursive) using defaults
[0.117s] Level 1:colcon.colcon_core.package_discovery:discover_packages(ignore) discover
[0.117s] Level 1:colcon.colcon_core.package_discovery:discover_packages(ignore) using defaults
[0.117s] Level 1:colcon.colcon_core.package_discovery:discover_packages(path) discover
[0.117s] Level 1:colcon.colcon_core.package_discovery:discover_packages(path) using defaults
[0.129s] Level 1:colcon.colcon_core.package_discovery:discover_packages(prefix_path) check parameters
[0.129s] Level 1:colcon.colcon_core.package_discovery:discover_packages(prefix_path) discover
[0.129s] WARNING:colcon.colcon_ros.prefix_path.ament:The path '/home/claudia-elez/Desktop/rover_description_ws/install/urjc_excavation_world' in the environment variable AMENT_PREFIX_PATH doesn't exist
[0.129s] WARNING:colcon.colcon_ros.prefix_path.ament:The path '/home/claudia-elez/Desktop/rover_description_ws/install/rover_moveit_config' in the environment variable AMENT_PREFIX_PATH doesn't exist
[0.129s] WARNING:colcon.colcon_ros.prefix_path.ament:The path '/home/claudia-elez/Desktop/rover_description_ws/install/rover_description' in the environment variable AMENT_PREFIX_PATH doesn't exist
[0.129s] WARNING:colcon.colcon_ros.prefix_path.catkin:The path '/home/claudia-elez/Desktop/rover_description_ws/install/urjc_excavation_world' in the environment variable CMAKE_PREFIX_PATH doesn't exist
[0.129s] WARNING:colcon.colcon_ros.prefix_path.catkin:The path '/home/claudia-elez/Desktop/rover_description_ws/install/rover_moveit_config' in the environment variable CMAKE_PREFIX_PATH doesn't exist
[0.129s] WARNING:colcon.colcon_ros.prefix_path.catkin:The path '/home/claudia-elez/Desktop/rover_description_ws/install/rover_description' in the environment variable CMAKE_PREFIX_PATH doesn't exist
[0.130s] DEBUG:colcon.colcon_installed_package_information.package_discovery:Found 0 installed packages in /home/claudia-elez/Desktop/rover_description_ws/install
[0.131s] DEBUG:colcon.colcon_installed_package_information.package_discovery:Found 564 installed packages in /opt/ros/jazzy
[0.133s] Level 1:colcon.colcon_core.package_discovery:discover_packages(prefix_path) using defaults
[0.174s] Level 5:colcon.colcon_core.verb:set package 'rover_description' build argument 'cmake_args' from command line to 'None'
[0.174s] Level 5:colcon.colcon_core.verb:set package 'rover_description' build argument 'cmake_target' from command line to 'None'
[0.174s] Level 5:colcon.colcon_core.verb:set package 'rover_description' build argument 'cmake_target_skip_unavailable' from command line to 'False'
[0.174s] Level 5:colcon.colcon_core.verb:set package 'rover_description' build argument 'cmake_clean_cache' from command line to 'False'
[0.174s] Level 5:colcon.colcon_core.verb:set package 'rover_description' build argument 'cmake_clean_first' from command line to 'False'
[0.174s] Level 5:colcon.colcon_core.verb:set package 'rover_description' build argument 'cmake_force_configure' from command line to 'False'
[0.174s] Level 5:colcon.colcon_core.verb:set package 'rover_description' build argument 'ament_cmake_args' from command line to 'None'
[0.174s] Level 5:colcon.colcon_core.verb:set package 'rover_description' build argument 'catkin_cmake_args' from command line to 'None'
[0.174s] Level 5:colcon.colcon_core.verb:set package 'rover_description' build argument 'catkin_skip_building_tests' from command line to 'False'
[0.174s] DEBUG:colcon.colcon_core.verb:Building package 'rover_description' with the following arguments: {'ament_cmake_args': None, 'build_base': '/home/claudia-elez/Desktop/rover_description_ws/build/rover_description', 'catkin_cmake_args': None, 'catkin_skip_building_tests': False, 'cmake_args': None, 'cmake_clean_cache': False, 'cmake_clean_first': False, 'cmake_force_configure': False, 'cmake_target': None, 'cmake_target_skip_unavailable': False, 'install_base': '/home/claudia-elez/Desktop/rover_description_ws/install/rover_description', 'merge_install': False, 'path': '/home/claudia-elez/Desktop/rover_description_ws/src/rover_description', 'symlink_install': True, 'test_result_base': None}
[0.174s] Level 5:colcon.colcon_core.verb:set package 'urjc_excavation_world' build argument 'cmake_args' from command line to 'None'
[0.174s] Level 5:colcon.colcon_core.verb:set package 'urjc_excavation_world' build argument 'cmake_target' from command line to 'None'
[0.174s] Level 5:colcon.colcon_core.verb:set package 'urjc_excavation_world' build argument 'cmake_target_skip_unavailable' from command line to 'False'
[0.174s] Level 5:colcon.colcon_core.verb:set package 'urjc_excavation_world' build argument 'cmake_clean_cache' from command line to 'False'
[0.174s] Level 5:colcon.colcon_core.verb:set package 'urjc_excavation_world' build argument 'cmake_clean_first' from command line to 'False'
[0.174s] Level 5:colcon.colcon_core.verb:set package 'urjc_excavation_world' build argument 'cmake_force_configure' from command line to 'False'
[0.174s] Level 5:colcon.colcon_core.verb:set package 'urjc_excavation_world' build argument 'ament_cmake_args' from command line to 'None'
[0.174s] Level 5:colcon.colcon_core.verb:set package 'urjc_excavation_world' build argument 'catkin_cmake_args' from command line to 'None'
[0.174s] Level 5:colcon.colcon_core.verb:set package 'urjc_excavation_world' build argument 'catkin_skip_building_tests' from command line to 'False'
[0.174s] DEBUG:colcon.colcon_core.verb:Building package 'urjc_excavation_world' with the following arguments: {'ament_cmake_args': None, 'build_base': '/home/claudia-elez/Desktop/rover_description_ws/build/urjc_excavation_world', 'catkin_cmake_args': None, 'catkin_skip_building_tests': False, 'cmake_args': None, 'cmake_clean_cache': False, 'cmake_clean_first': False, 'cmake_force_configure': False, 'cmake_target': None, 'cmake_target_skip_unavailable': False, 'install_base': '/home/claudia-elez/Desktop/rover_description_ws/install/urjc_excavation_world', 'merge_install': False, 'path': '/home/claudia-elez/Desktop/rover_description_ws/src/urjc-excavation-world', 'symlink_install': True, 'test_result_base': None}
[0.174s] Level 5:colcon.colcon_core.verb:set package 'rover_moveit_config' build argument 'cmake_args' from command line to 'None'
[0.174s] Level 5:colcon.colcon_core.verb:set package 'rover_moveit_config' build argument 'cmake_target' from command line to 'None'
[0.174s] Level 5:colcon.colcon_core.verb:set package 'rover_moveit_config' build argument 'cmake_target_skip_unavailable' from command line to 'False'
[0.174s] Level 5:colcon.colcon_core.verb:set package 'rover_moveit_config' build argument 'cmake_clean_cache' from command line to 'False'
[0.174s] Level 5:colcon.colcon_core.verb:set package 'rover_moveit_config' build argument 'cmake_clean_first' from command line to 'False'
[0.174s] Level 5:colcon.colcon_core.verb:set package 'rover_moveit_config' build argument 'cmake_force_configure' from command line to 'False'
[0.174s] Level 5:colcon.colcon_core.verb:set package 'rover_moveit_config' build argument 'ament_cmake_args' from command line to 'None'
[0.174s] Level 5:colcon.colcon_core.verb:set package 'rover_moveit_config' build argument 'catkin_cmake_args' from command line to 'None'
[0.174s] Level 5:colcon.colcon_core.verb:set package 'rover_moveit_config' build argument 'catkin_skip_building_tests' from command line to 'False'
[0.174s] DEBUG:colcon.colcon_core.verb:Building package 'rover_moveit_config' with the following arguments: {'ament_cmake_args': None, 'build_base': '/home/claudia-elez/Desktop/rover_description_ws/build/rover_moveit_config', 'catkin_cmake_args': None, 'catkin_skip_building_tests': False, 'cmake_args': None, 'cmake_clean_cache': False, 'cmake_clean_first': False, 'cmake_force_configure': False, 'cmake_target': None, 'cmake_target_skip_unavailable': False, 'install_base': '/home/claudia-elez/Desktop/rover_description_ws/install/rover_moveit_config', 'merge_install': False, 'path': '/home/claudia-elez/Desktop/rover_description_ws/src/rover_moveit_config', 'symlink_install': True, 'test_result_base': None}
[0.175s] INFO:colcon.colcon_core.executor:Executing jobs using 'parallel' executor
[0.175s] DEBUG:colcon.colcon_parallel_executor.executor.parallel:run_until_complete
[0.175s] INFO:colcon.colcon_ros.task.ament_cmake.build:Building ROS package in '/home/claudia-elez/Desktop/rover_description_ws/src/rover_description' with build type 'ament_cmake'
[0.175s] INFO:colcon.colcon_cmake.task.cmake.build:Building CMake package in '/home/claudia-elez/Desktop/rover_description_ws/src/rover_description'
[0.177s] INFO:colcon.colcon_core.plugin_system:Skipping extension 'colcon_core.shell.bat': Not used on non-Windows systems
[0.177s] INFO:colcon.colcon_core.shell:Skip shell extension 'powershell' for command environment: Not usable outside of PowerShell
[0.177s] DEBUG:colcon.colcon_core.shell:Skip shell extension 'dsv' for command environment
[0.180s] INFO:colcon.colcon_ros.task.ament_cmake.build:Building ROS package in '/home/claudia-elez/Desktop/rover_description_ws/src/urjc-excavation-world' with build type 'ament_cmake'
[0.180s] INFO:colcon.colcon_cmake.task.cmake.build:Building CMake package in '/home/claudia-elez/Desktop/rover_description_ws/src/urjc-excavation-world'
[0.180s] INFO:colcon.colcon_core.shell:Skip shell extension 'powershell' for command environment: Not usable outside of PowerShell
[0.180s] DEBUG:colcon.colcon_core.shell:Skip shell extension 'dsv' for command environment
[0.184s] DEBUG:colcon.colcon_core.event_handler.log_command:Invoking command in '/home/claudia-elez/Desktop/rover_description_ws/build/rover_description': CMAKE_PREFIX_PATH=${CMAKE_PREFIX_PATH}:/opt/ros/jazzy DEBUGINFOD_URLS=https://debuginfod.ubuntu.com /usr/bin/cmake /home/claudia-elez/Desktop/rover_description_ws/src/rover_description -DAMENT_CMAKE_SYMLINK_INSTALL=1 -DCMAKE_INSTALL_PREFIX=/home/claudia-elez/Desktop/rover_description_ws/install/rover_description
[0.186s] DEBUG:colcon.colcon_core.event_handler.log_command:Invoking command in '/home/claudia-elez/Desktop/rover_description_ws/build/urjc_excavation_world': CMAKE_PREFIX_PATH=${CMAKE_PREFIX_PATH}:/opt/ros/jazzy DEBUGINFOD_URLS=https://debuginfod.ubuntu.com /usr/bin/cmake /home/claudia-elez/Desktop/rover_description_ws/src/urjc-excavation-world -DAMENT_CMAKE_SYMLINK_INSTALL=1 -DCMAKE_INSTALL_PREFIX=/home/claudia-elez/Desktop/rover_description_ws/install/urjc_excavation_world
[0.829s] DEBUG:colcon.colcon_core.event_handler.log_command:Invoked command in '/home/claudia-elez/Desktop/rover_description_ws/build/rover_description' returned '0': CMAKE_PREFIX_PATH=${CMAKE_PREFIX_PATH}:/opt/ros/jazzy DEBUGINFOD_URLS=https://debuginfod.ubuntu.com /usr/bin/cmake /home/claudia-elez/Desktop/rover_description_ws/src/rover_description -DAMENT_CMAKE_SYMLINK_INSTALL=1 -DCMAKE_INSTALL_PREFIX=/home/claudia-elez/Desktop/rover_description_ws/install/rover_description
[0.830s] DEBUG:colcon.colcon_core.event_handler.log_command:Invoking command in '/home/claudia-elez/Desktop/rover_description_ws/build/rover_description': CMAKE_PREFIX_PATH=${CMAKE_PREFIX_PATH}:/opt/ros/jazzy DEBUGINFOD_URLS=https://debuginfod.ubuntu.com /usr/bin/cmake --build /home/claudia-elez/Desktop/rover_description_ws/build/rover_description -- -j20 -l20
[0.858s] DEBUG:colcon.colcon_core.event_handler.log_command:Invoked command in '/home/claudia-elez/Desktop/rover_description_ws/build/rover_description' returned '0': CMAKE_PREFIX_PATH=${CMAKE_PREFIX_PATH}:/opt/ros/jazzy DEBUGINFOD_URLS=https://debuginfod.ubuntu.com /usr/bin/cmake --build /home/claudia-elez/Desktop/rover_description_ws/build/rover_description -- -j20 -l20
[0.865s] DEBUG:colcon.colcon_core.event_handler.log_command:Invoking command in '/home/claudia-elez/Desktop/rover_description_ws/build/rover_description': CMAKE_PREFIX_PATH=${CMAKE_PREFIX_PATH}:/opt/ros/jazzy DEBUGINFOD_URLS=https://debuginfod.ubuntu.com /usr/bin/cmake --install /home/claudia-elez/Desktop/rover_description_ws/build/rover_description
[1.301s] DEBUG:colcon.colcon_core.event_handler.log_command:Invoked command in '/home/claudia-elez/Desktop/rover_description_ws/build/urjc_excavation_world' returned '0': CMAKE_PREFIX_PATH=${CMAKE_PREFIX_PATH}:/opt/ros/jazzy DEBUGINFOD_URLS=https://debuginfod.ubuntu.com /usr/bin/cmake /home/claudia-elez/Desktop/rover_description_ws/src/urjc-excavation-world -DAMENT_CMAKE_SYMLINK_INSTALL=1 -DCMAKE_INSTALL_PREFIX=/home/claudia-elez/Desktop/rover_description_ws/install/urjc_excavation_world
[1.302s] DEBUG:colcon.colcon_core.event_handler.log_command:Invoking command in '/home/claudia-elez/Desktop/rover_description_ws/build/urjc_excavation_world': CMAKE_PREFIX_PATH=${CMAKE_PREFIX_PATH}:/opt/ros/jazzy DEBUGINFOD_URLS=https://debuginfod.ubuntu.com /usr/bin/cmake --build /home/claudia-elez/Desktop/rover_description_ws/build/urjc_excavation_world -- -j20 -l20
[1.310s] Level 1:colcon.colcon_core.environment:create_environment_scripts_only(rover_description)
[1.310s] DEBUG:colcon.colcon_core.event_handler.log_command:Invoked command in '/home/claudia-elez/Desktop/rover_description_ws/build/rover_description' returned '0': CMAKE_PREFIX_PATH=${CMAKE_PREFIX_PATH}:/opt/ros/jazzy DEBUGINFOD_URLS=https://debuginfod.ubuntu.com /usr/bin/cmake --install /home/claudia-elez/Desktop/rover_description_ws/build/rover_description
[1.313s] Level 1:colcon.colcon_core.environment:checking '/home/claudia-elez/Desktop/rover_description_ws/install/rover_description' for CMake module files
[1.313s] Level 1:colcon.colcon_core.environment:checking '/home/claudia-elez/Desktop/rover_description_ws/install/rover_description' for CMake config files
[1.314s] Level 1:colcon.colcon_core.shell:create_environment_hook('rover_description', 'cmake_prefix_path')
[1.314s] INFO:colcon.colcon_core.shell:Creating environment hook '/home/claudia-elez/Desktop/rover_description_ws/install/rover_description/share/rover_description/hook/cmake_prefix_path.ps1'
[1.314s] INFO:colcon.colcon_core.shell:Creating environment descriptor '/home/claudia-elez/Desktop/rover_description_ws/install/rover_description/share/rover_description/hook/cmake_prefix_path.dsv'
[1.315s] INFO:colcon.colcon_core.shell:Creating environment hook '/home/claudia-elez/Desktop/rover_description_ws/install/rover_description/share/rover_description/hook/cmake_prefix_path.sh'
[1.316s] Level 1:colcon.colcon_core.environment:checking '/home/claudia-elez/Desktop/rover_description_ws/install/rover_description/bin'
[1.316s] Level 1:colcon.colcon_core.environment:checking '/home/claudia-elez/Desktop/rover_description_ws/install/rover_description/lib/pkgconfig/rover_description.pc'
[1.316s] Level 1:colcon.colcon_core.environment:checking '/home/claudia-elez/Desktop/rover_description_ws/install/rover_description/lib/python3.12/site-packages'
[1.316s] Level 1:colcon.colcon_core.environment:checking '/home/claudia-elez/Desktop/rover_description_ws/install/rover_description/bin'
[1.317s] INFO:colcon.colcon_core.shell:Creating package script '/home/claudia-elez/Desktop/rover_description_ws/install/rover_description/share/rover_description/package.ps1'
[1.318s] INFO:colcon.colcon_core.shell:Creating package descriptor '/home/claudia-elez/Desktop/rover_description_ws/install/rover_description/share/rover_description/package.dsv'
[1.319s] INFO:colcon.colcon_core.shell:Creating package script '/home/claudia-elez/Desktop/rover_description_ws/install/rover_description/share/rover_description/package.sh'
[1.319s] INFO:colcon.colcon_core.shell:Creating package script '/home/claudia-elez/Desktop/rover_description_ws/install/rover_description/share/rover_description/package.bash'
[1.320s] INFO:colcon.colcon_core.shell:Creating package script '/home/claudia-elez/Desktop/rover_description_ws/install/rover_description/share/rover_description/package.zsh'
[1.320s] Level 1:colcon.colcon_core.environment:create_file_with_runtime_dependencies(/home/claudia-elez/Desktop/rover_description_ws/install/rover_description/share/colcon-core/packages/rover_description)
[1.321s] Level 1:colcon.colcon_core.environment:create_environment_scripts_only(rover_description)
[1.321s] Level 1:colcon.colcon_core.environment:checking '/home/claudia-elez/Desktop/rover_description_ws/install/rover_description' for CMake module files
[1.321s] Level 1:colcon.colcon_core.environment:checking '/home/claudia-elez/Desktop/rover_description_ws/install/rover_description' for CMake config files
[1.321s] Level 1:colcon.colcon_core.shell:create_environment_hook('rover_description', 'cmake_prefix_path')
[1.321s] INFO:colcon.colcon_core.shell:Creating environment hook '/home/claudia-elez/Desktop/rover_description_ws/install/rover_description/share/rover_description/hook/cmake_prefix_path.ps1'
[1.321s] INFO:colcon.colcon_core.shell:Creating environment descriptor '/home/claudia-elez/Desktop/rover_description_ws/install/rover_description/share/rover_description/hook/cmake_prefix_path.dsv'
[1.322s] INFO:colcon.colcon_core.shell:Creating environment hook '/home/claudia-elez/Desktop/rover_description_ws/install/rover_description/share/rover_description/hook/cmake_prefix_path.sh'
[1.322s] Level 1:colcon.colcon_core.environment:checking '/home/claudia-elez/Desktop/rover_description_ws/install/rover_description/bin'
[1.322s] Level 1:colcon.colcon_core.environment:checking '/home/claudia-elez/Desktop/rover_description_ws/install/rover_description/lib/pkgconfig/rover_description.pc'
[1.322s] Level 1:colcon.colcon_core.environment:checking '/home/claudia-elez/Desktop/rover_description_ws/install/rover_description/lib/python3.12/site-packages'
[1.322s] Level 1:colcon.colcon_core.environment:checking '/home/claudia-elez/Desktop/rover_description_ws/install/rover_description/bin'
[1.322s] INFO:colcon.colcon_core.shell:Creating package script '/home/claudia-elez/Desktop/rover_description_ws/install/rover_description/share/rover_description/package.ps1'
[1.323s] INFO:colcon.colcon_core.shell:Creating package descriptor '/home/claudia-elez/Desktop/rover_description_ws/install/rover_description/share/rover_description/package.dsv'
[1.323s] INFO:colcon.colcon_core.shell:Creating package script '/home/claudia-elez/Desktop/rover_description_ws/install/rover_description/share/rover_description/package.sh'
[1.323s] INFO:colcon.colcon_core.shell:Creating package script '/home/claudia-elez/Desktop/rover_description_ws/install/rover_description/share/rover_description/package.bash'
[1.323s] INFO:colcon.colcon_core.shell:Creating package script '/home/claudia-elez/Desktop/rover_description_ws/install/rover_description/share/rover_description/package.zsh'
[1.323s] Level 1:colcon.colcon_core.environment:create_file_with_runtime_dependencies(/home/claudia-elez/Desktop/rover_description_ws/install/rover_description/share/colcon-core/packages/rover_description)
[1.324s] INFO:colcon.colcon_ros.task.ament_cmake.build:Building ROS package in '/home/claudia-elez/Desktop/rover_description_ws/src/rover_moveit_config' with build type 'ament_cmake'
[1.324s] INFO:colcon.colcon_cmake.task.cmake.build:Building CMake package in '/home/claudia-elez/Desktop/rover_description_ws/src/rover_moveit_config'
[1.324s] INFO:colcon.colcon_core.shell:Skip shell extension 'powershell' for command environment: Not usable outside of PowerShell
[1.324s] DEBUG:colcon.colcon_core.shell:Skip shell extension 'dsv' for command environment
[1.331s] DEBUG:colcon.colcon_core.event_handler.log_command:Invoking command in '/home/claudia-elez/Desktop/rover_description_ws/build/rover_moveit_config': CMAKE_PREFIX_PATH=/home/claudia-elez/Desktop/rover_description_ws/install/rover_description:/home/claudia-elez/Desktop/rover_description_ws/install/urjc_excavation_world:/home/claudia-elez/Desktop/rover_description_ws/install/rover_moveit_config:/opt/ros/jazzy/opt/gz_sim_vendor:/opt/ros/jazzy/opt/gz_sensors_vendor:/opt/ros/jazzy/opt/gz_physics_vendor:/opt/ros/jazzy/opt/sdformat_vendor:/opt/ros/jazzy/opt/gz_gui_vendor:/opt/ros/jazzy/opt/gz_transport_vendor:/opt/ros/jazzy/opt/gz_rendering_vendor:/opt/ros/jazzy/opt/gz_plugin_vendor:/opt/ros/jazzy/opt/gz_fuel_tools_vendor:/opt/ros/jazzy/opt/gz_msgs_vendor:/opt/ros/jazzy/opt/gz_common_vendor:/opt/ros/jazzy/opt/gz_math_vendor:/opt/ros/jazzy/opt/gz_utils_vendor:/opt/ros/jazzy/opt/gz_tools_vendor:/opt/ros/jazzy/opt/gz_ogre_next_vendor:/opt/ros/jazzy/opt/gz_dartsim_vendor:/opt/ros/jazzy/opt/gz_cmake_vendor:/opt/ros/jazzy DEBUGINFOD_URLS=https://debuginfod.ubuntu.com /usr/bin/cmake /home/claudia-elez/Desktop/rover_description_ws/src/rover_moveit_config -DAMENT_CMAKE_SYMLINK_INSTALL=1 -DCMAKE_INSTALL_PREFIX=/home/claudia-elez/Desktop/rover_description_ws/install/rover_moveit_config
[1.341s] DEBUG:colcon.colcon_core.event_handler.log_command:Invoked command in '/home/claudia-elez/Desktop/rover_description_ws/build/urjc_excavation_world' returned '0': CMAKE_PREFIX_PATH=${CMAKE_PREFIX_PATH}:/opt/ros/jazzy DEBUGINFOD_URLS=https://debuginfod.ubuntu.com /usr/bin/cmake --build /home/claudia-elez/Desktop/rover_description_ws/build/urjc_excavation_world -- -j20 -l20
[1.342s] DEBUG:colcon.colcon_core.event_handler.log_command:Invoking command in '/home/claudia-elez/Desktop/rover_description_ws/build/urjc_excavation_world': CMAKE_PREFIX_PATH=${CMAKE_PREFIX_PATH}:/opt/ros/jazzy DEBUGINFOD_URLS=https://debuginfod.ubuntu.com /usr/bin/cmake --install /home/claudia-elez/Desktop/rover_description_ws/build/urjc_excavation_world
[1.763s] Level 1:colcon.colcon_core.environment:create_environment_scripts_only(urjc_excavation_world)
[1.764s] DEBUG:colcon.colcon_core.event_handler.log_command:Invoked command in '/home/claudia-elez/Desktop/rover_description_ws/build/urjc_excavation_world' returned '0': CMAKE_PREFIX_PATH=${CMAKE_PREFIX_PATH}:/opt/ros/jazzy DEBUGINFOD_URLS=https://debuginfod.ubuntu.com /usr/bin/cmake --install /home/claudia-elez/Desktop/rover_description_ws/build/urjc_excavation_world
[1.764s] Level 1:colcon.colcon_core.environment:checking '/home/claudia-elez/Desktop/rover_description_ws/install/urjc_excavation_world' for CMake module files
[1.765s] Level 1:colcon.colcon_core.environment:checking '/home/claudia-elez/Desktop/rover_description_ws/install/urjc_excavation_world' for CMake config files
[1.765s] Level 1:colcon.colcon_core.shell:create_environment_hook('urjc_excavation_world', 'cmake_prefix_path')
[1.765s] INFO:colcon.colcon_core.shell:Creating environment hook '/home/claudia-elez/Desktop/rover_description_ws/install/urjc_excavation_world/share/urjc_excavation_world/hook/cmake_prefix_path.ps1'
[1.765s] INFO:colcon.colcon_core.shell:Creating environment descriptor '/home/claudia-elez/Desktop/rover_description_ws/install/urjc_excavation_world/share/urjc_excavation_world/hook/cmake_prefix_path.dsv'
[1.765s] INFO:colcon.colcon_core.shell:Creating environment hook '/home/claudia-elez/Desktop/rover_description_ws/install/urjc_excavation_world/share/urjc_excavation_world/hook/cmake_prefix_path.sh'
[1.766s] Level 1:colcon.colcon_core.environment:checking '/home/claudia-elez/Desktop/rover_description_ws/install/urjc_excavation_world/bin'
[1.766s] Level 1:colcon.colcon_core.environment:checking '/home/claudia-elez/Desktop/rover_description_ws/install/urjc_excavation_world/lib/pkgconfig/urjc_excavation_world.pc'
[1.766s] Level 1:colcon.colcon_core.environment:checking '/home/claudia-elez/Desktop/rover_description_ws/install/urjc_excavation_world/lib/python3.12/site-packages'
[1.766s] Level 1:colcon.colcon_core.environment:checking '/home/claudia-elez/Desktop/rover_description_ws/install/urjc_excavation_world/bin'
[1.766s] INFO:colcon.colcon_core.shell:Creating package script '/home/claudia-elez/Desktop/rover_description_ws/install/urjc_excavation_world/share/urjc_excavation_world/package.ps1'
[1.766s] INFO:colcon.colcon_core.shell:Creating package descriptor '/home/claudia-elez/Desktop/rover_description_ws/install/urjc_excavation_world/share/urjc_excavation_world/package.dsv'
[1.767s] INFO:colcon.colcon_core.shell:Creating package script '/home/claudia-elez/Desktop/rover_description_ws/install/urjc_excavation_world/share/urjc_excavation_world/package.sh'
[1.767s] INFO:colcon.colcon_core.shell:Creating package script '/home/claudia-elez/Desktop/rover_description_ws/install/urjc_excavation_world/share/urjc_excavation_world/package.bash'
[1.767s] INFO:colcon.colcon_core.shell:Creating package script '/home/claudia-elez/Desktop/rover_description_ws/install/urjc_excavation_world/share/urjc_excavation_world/package.zsh'
[1.767s] Level 1:colcon.colcon_core.environment:create_file_with_runtime_dependencies(/home/claudia-elez/Desktop/rover_description_ws/install/urjc_excavation_world/share/colcon-core/packages/urjc_excavation_world)
[1.767s] Level 1:colcon.colcon_core.environment:create_environment_scripts_only(urjc_excavation_world)
[1.767s] Level 1:colcon.colcon_core.environment:checking '/home/claudia-elez/Desktop/rover_description_ws/install/urjc_excavation_world' for CMake module files
[1.768s] Level 1:colcon.colcon_core.environment:checking '/home/claudia-elez/Desktop/rover_description_ws/install/urjc_excavation_world' for CMake config files
[1.768s] Level 1:colcon.colcon_core.shell:create_environment_hook('urjc_excavation_world', 'cmake_prefix_path')
[1.768s] INFO:colcon.colcon_core.shell:Creating environment hook '/home/claudia-elez/Desktop/rover_description_ws/install/urjc_excavation_world/share/urjc_excavation_world/hook/cmake_prefix_path.ps1'
[1.768s] INFO:colcon.colcon_core.shell:Creating environment descriptor '/home/claudia-elez/Desktop/rover_description_ws/install/urjc_excavation_world/share/urjc_excavation_world/hook/cmake_prefix_path.dsv'
[1.768s] INFO:colcon.colcon_core.shell:Creating environment hook '/home/claudia-elez/Desktop/rover_description_ws/install/urjc_excavation_world/share/urjc_excavation_world/hook/cmake_prefix_path.sh'
[1.768s] Level 1:colcon.colcon_core.environment:checking '/home/claudia-elez/Desktop/rover_description_ws/install/urjc_excavation_world/bin'
[1.769s] Level 1:colcon.colcon_core.environment:checking '/home/claudia-elez/Desktop/rover_description_ws/install/urjc_excavation_world/lib/pkgconfig/urjc_excavation_world.pc'
[1.769s] Level 1:colcon.colcon_core.environment:checking '/home/claudia-elez/Desktop/rover_description_ws/install/urjc_excavation_world/lib/python3.12/site-packages'
[1.769s] Level 1:colcon.colcon_core.environment:checking '/home/claudia-elez/Desktop/rover_description_ws/install/urjc_excavation_world/bin'
[1.769s] INFO:colcon.colcon_core.shell:Creating package script '/home/claudia-elez/Desktop/rover_description_ws/install/urjc_excavation_world/share/urjc_excavation_world/package.ps1'
[1.769s] INFO:colcon.colcon_core.shell:Creating package descriptor '/home/claudia-elez/Desktop/rover_description_ws/install/urjc_excavation_world/share/urjc_excavation_world/package.dsv'
[1.770s] INFO:colcon.colcon_core.shell:Creating package script '/home/claudia-elez/Desktop/rover_description_ws/install/urjc_excavation_world/share/urjc_excavation_world/package.sh'
[1.770s] INFO:colcon.colcon_core.shell:Creating package script '/home/claudia-elez/Desktop/rover_description_ws/install/urjc_excavation_world/share/urjc_excavation_world/package.bash'
[1.770s] INFO:colcon.colcon_core.shell:Creating package script '/home/claudia-elez/Desktop/rover_description_ws/install/urjc_excavation_world/share/urjc_excavation_world/package.zsh'
[1.770s] Level 1:colcon.colcon_core.environment:create_file_with_runtime_dependencies(/home/claudia-elez/Desktop/rover_description_ws/install/urjc_excavation_world/share/colcon-core/packages/urjc_excavation_world)
[1.872s] DEBUG:colcon.colcon_core.event_handler.log_command:Invoked command in '/home/claudia-elez/Desktop/rover_description_ws/build/rover_moveit_config' returned '0': CMAKE_PREFIX_PATH=/home/claudia-elez/Desktop/rover_description_ws/install/rover_description:/home/claudia-elez/Desktop/rover_description_ws/install/urjc_excavation_world:/home/claudia-elez/Desktop/rover_description_ws/install/rover_moveit_config:/opt/ros/jazzy/opt/gz_sim_vendor:/opt/ros/jazzy/opt/gz_sensors_vendor:/opt/ros/jazzy/opt/gz_physics_vendor:/opt/ros/jazzy/opt/sdformat_vendor:/opt/ros/jazzy/opt/gz_gui_vendor:/opt/ros/jazzy/opt/gz_transport_vendor:/opt/ros/jazzy/opt/gz_rendering_vendor:/opt/ros/jazzy/opt/gz_plugin_vendor:/opt/ros/jazzy/opt/gz_fuel_tools_vendor:/opt/ros/jazzy/opt/gz_msgs_vendor:/opt/ros/jazzy/opt/gz_common_vendor:/opt/ros/jazzy/opt/gz_math_vendor:/opt/ros/jazzy/opt/gz_utils_vendor:/opt/ros/jazzy/opt/gz_tools_vendor:/opt/ros/jazzy/opt/gz_ogre_next_vendor:/opt/ros/jazzy/opt/gz_dartsim_vendor:/opt/ros/jazzy/opt/gz_cmake_vendor:/opt/ros/jazzy DEBUGINFOD_URLS=https://debuginfod.ubuntu.com /usr/bin/cmake /home/claudia-elez/Desktop/rover_description_ws/src/rover_moveit_config -DAMENT_CMAKE_SYMLINK_INSTALL=1 -DCMAKE_INSTALL_PREFIX=/home/claudia-elez/Desktop/rover_description_ws/install/rover_moveit_config
[1.872s] DEBUG:colcon.colcon_core.event_handler.log_command:Invoking command in '/home/claudia-elez/Desktop/rover_description_ws/build/rover_moveit_config': CMAKE_PREFIX_PATH=/home/claudia-elez/Desktop/rover_description_ws/install/rover_description:/home/claudia-elez/Desktop/rover_description_ws/install/urjc_excavation_world:/home/claudia-elez/Desktop/rover_description_ws/install/rover_moveit_config:/opt/ros/jazzy/opt/gz_sim_vendor:/opt/ros/jazzy/opt/gz_sensors_vendor:/opt/ros/jazzy/opt/gz_physics_vendor:/opt/ros/jazzy/opt/sdformat_vendor:/opt/ros/jazzy/opt/gz_gui_vendor:/opt/ros/jazzy/opt/gz_transport_vendor:/opt/ros/jazzy/opt/gz_rendering_vendor:/opt/ros/jazzy/opt/gz_plugin_vendor:/opt/ros/jazzy/opt/gz_fuel_tools_vendor:/opt/ros/jazzy/opt/gz_msgs_vendor:/opt/ros/jazzy/opt/gz_common_vendor:/opt/ros/jazzy/opt/gz_math_vendor:/opt/ros/jazzy/opt/gz_utils_vendor:/opt/ros/jazzy/opt/gz_tools_vendor:/opt/ros/jazzy/opt/gz_ogre_next_vendor:/opt/ros/jazzy/opt/gz_dartsim_vendor:/opt/ros/jazzy/opt/gz_cmake_vendor:/opt/ros/jazzy DEBUGINFOD_URLS=https://debuginfod.ubuntu.com /usr/bin/cmake --build /home/claudia-elez/Desktop/rover_description_ws/build/rover_moveit_config -- -j20 -l20
[1.904s] DEBUG:colcon.colcon_core.event_handler.log_command:Invoked command in '/home/claudia-elez/Desktop/rover_description_ws/build/rover_moveit_config' returned '0': CMAKE_PREFIX_PATH=/home/claudia-elez/Desktop/rover_description_ws/install/rover_description:/home/claudia-elez/Desktop/rover_description_ws/install/urjc_excavation_world:/home/claudia-elez/Desktop/rover_description_ws/install/rover_moveit_config:/opt/ros/jazzy/opt/gz_sim_vendor:/opt/ros/jazzy/opt/gz_sensors_vendor:/opt/ros/jazzy/opt/gz_physics_vendor:/opt/ros/jazzy/opt/sdformat_vendor:/opt/ros/jazzy/opt/gz_gui_vendor:/opt/ros/jazzy/opt/gz_transport_vendor:/opt/ros/jazzy/opt/gz_rendering_vendor:/opt/ros/jazzy/opt/gz_plugin_vendor:/opt/ros/jazzy/opt/gz_fuel_tools_vendor:/opt/ros/jazzy/opt/gz_msgs_vendor:/opt/ros/jazzy/opt/gz_common_vendor:/opt/ros/jazzy/opt/gz_math_vendor:/opt/ros/jazzy/opt/gz_utils_vendor:/opt/ros/jazzy/opt/gz_tools_vendor:/opt/ros/jazzy/opt/gz_ogre_next_vendor:/opt/ros/jazzy/opt/gz_dartsim_vendor:/opt/ros/jazzy/opt/gz_cmake_vendor:/opt/ros/jazzy DEBUGINFOD_URLS=https://debuginfod.ubuntu.com /usr/bin/cmake --build /home/claudia-elez/Desktop/rover_description_ws/build/rover_moveit_config -- -j20 -l20
[1.905s] DEBUG:colcon.colcon_core.event_handler.log_command:Invoking command in '/home/claudia-elez/Desktop/rover_description_ws/build/rover_moveit_config': CMAKE_PREFIX_PATH=/home/claudia-elez/Desktop/rover_description_ws/install/rover_description:/home/claudia-elez/Desktop/rover_description_ws/install/urjc_excavation_world:/home/claudia-elez/Desktop/rover_description_ws/install/rover_moveit_config:/opt/ros/jazzy/opt/gz_sim_vendor:/opt/ros/jazzy/opt/gz_sensors_vendor:/opt/ros/jazzy/opt/gz_physics_vendor:/opt/ros/jazzy/opt/sdformat_vendor:/opt/ros/jazzy/opt/gz_gui_vendor:/opt/ros/jazzy/opt/gz_transport_vendor:/opt/ros/jazzy/opt/gz_rendering_vendor:/opt/ros/jazzy/opt/gz_plugin_vendor:/opt/ros/jazzy/opt/gz_fuel_tools_vendor:/opt/ros/jazzy/opt/gz_msgs_vendor:/opt/ros/jazzy/opt/gz_common_vendor:/opt/ros/jazzy/opt/gz_math_vendor:/opt/ros/jazzy/opt/gz_utils_vendor:/opt/ros/jazzy/opt/gz_tools_vendor:/opt/ros/jazzy/opt/gz_ogre_next_vendor:/opt/ros/jazzy/opt/gz_dartsim_vendor:/opt/ros/jazzy/opt/gz_cmake_vendor:/opt/ros/jazzy DEBUGINFOD_URLS=https://debuginfod.ubuntu.com /usr/bin/cmake --install /home/claudia-elez/Desktop/rover_description_ws/build/rover_moveit_config
[2.154s] Level 1:colcon.colcon_core.environment:create_environment_scripts_only(rover_moveit_config)
[2.154s] Level 1:colcon.colcon_core.environment:checking '/home/claudia-elez/Desktop/rover_description_ws/install/rover_moveit_config' for CMake module files
[2.155s] DEBUG:colcon.colcon_core.event_handler.log_command:Invoked command in '/home/claudia-elez/Desktop/rover_description_ws/build/rover_moveit_config' returned '0': CMAKE_PREFIX_PATH=/home/claudia-elez/Desktop/rover_description_ws/install/rover_description:/home/claudia-elez/Desktop/rover_description_ws/install/urjc_excavation_world:/home/claudia-elez/Desktop/rover_description_ws/install/rover_moveit_config:/opt/ros/jazzy/opt/gz_sim_vendor:/opt/ros/jazzy/opt/gz_sensors_vendor:/opt/ros/jazzy/opt/gz_physics_vendor:/opt/ros/jazzy/opt/sdformat_vendor:/opt/ros/jazzy/opt/gz_gui_vendor:/opt/ros/jazzy/opt/gz_transport_vendor:/opt/ros/jazzy/opt/gz_rendering_vendor:/opt/ros/jazzy/opt/gz_plugin_vendor:/opt/ros/jazzy/opt/gz_fuel_tools_vendor:/opt/ros/jazzy/opt/gz_msgs_vendor:/opt/ros/jazzy/opt/gz_common_vendor:/opt/ros/jazzy/opt/gz_math_vendor:/opt/ros/jazzy/opt/gz_utils_vendor:/opt/ros/jazzy/opt/gz_tools_vendor:/opt/ros/jazzy/opt/gz_ogre_next_vendor:/opt/ros/jazzy/opt/gz_dartsim_vendor:/opt/ros/jazzy/opt/gz_cmake_vendor:/opt/ros/jazzy DEBUGINFOD_URLS=https://debuginfod.ubuntu.com /usr/bin/cmake --install /home/claudia-elez/Desktop/rover_description_ws/build/rover_moveit_config
[2.155s] Level 1:colcon.colcon_core.environment:checking '/home/claudia-elez/Desktop/rover_description_ws/install/rover_moveit_config' for CMake config files
[2.155s] Level 1:colcon.colcon_core.shell:create_environment_hook('rover_moveit_config', 'cmake_prefix_path')
[2.155s] INFO:colcon.colcon_core.shell:Creating environment hook '/home/claudia-elez/Desktop/rover_description_ws/install/rover_moveit_config/share/rover_moveit_config/hook/cmake_prefix_path.ps1'
[2.155s] INFO:colcon.colcon_core.shell:Creating environment descriptor '/home/claudia-elez/Desktop/rover_description_ws/install/rover_moveit_config/share/rover_moveit_config/hook/cmake_prefix_path.dsv'
[2.155s] INFO:colcon.colcon_core.shell:Creating environment hook '/home/claudia-elez/Desktop/rover_description_ws/install/rover_moveit_config/share/rover_moveit_config/hook/cmake_prefix_path.sh'
[2.156s] Level 1:colcon.colcon_core.environment:checking '/home/claudia-elez/Desktop/rover_description_ws/install/rover_moveit_config/bin'
[2.156s] Level 1:colcon.colcon_core.environment:checking '/home/claudia-elez/Desktop/rover_description_ws/install/rover_moveit_config/lib/pkgconfig/rover_moveit_config.pc'
[2.156s] Level 1:colcon.colcon_core.environment:checking '/home/claudia-elez/Desktop/rover_description_ws/install/rover_moveit_config/lib/python3.12/site-packages'
[2.156s] Level 1:colcon.colcon_core.environment:checking '/home/claudia-elez/Desktop/rover_description_ws/install/rover_moveit_config/bin'
[2.156s] INFO:colcon.colcon_core.shell:Creating package script '/home/claudia-elez/Desktop/rover_description_ws/install/rover_moveit_config/share/rover_moveit_config/package.ps1'
[2.156s] INFO:colcon.colcon_core.shell:Creating package descriptor '/home/claudia-elez/Desktop/rover_description_ws/install/rover_moveit_config/share/rover_moveit_config/package.dsv'
[2.157s] INFO:colcon.colcon_core.shell:Creating package script '/home/claudia-elez/Desktop/rover_description_ws/install/rover_moveit_config/share/rover_moveit_config/package.sh'
[2.157s] INFO:colcon.colcon_core.shell:Creating package script '/home/claudia-elez/Desktop/rover_description_ws/install/rover_moveit_config/share/rover_moveit_config/package.bash'
[2.157s] INFO:colcon.colcon_core.shell:Creating package script '/home/claudia-elez/Desktop/rover_description_ws/install/rover_moveit_config/share/rover_moveit_config/package.zsh'
[2.157s] Level 1:colcon.colcon_core.environment:create_file_with_runtime_dependencies(/home/claudia-elez/Desktop/rover_description_ws/install/rover_moveit_config/share/colcon-core/packages/rover_moveit_config)
[2.157s] Level 1:colcon.colcon_core.environment:create_environment_scripts_only(rover_moveit_config)
[2.157s] Level 1:colcon.colcon_core.environment:checking '/home/claudia-elez/Desktop/rover_description_ws/install/rover_moveit_config' for CMake module files
[2.158s] Level 1:colcon.colcon_core.environment:checking '/home/claudia-elez/Desktop/rover_description_ws/install/rover_moveit_config' for CMake config files
[2.158s] Level 1:colcon.colcon_core.shell:create_environment_hook('rover_moveit_config', 'cmake_prefix_path')
[2.158s] INFO:colcon.colcon_core.shell:Creating environment hook '/home/claudia-elez/Desktop/rover_description_ws/install/rover_moveit_config/share/rover_moveit_config/hook/cmake_prefix_path.ps1'
[2.158s] INFO:colcon.colcon_core.shell:Creating environment descriptor '/home/claudia-elez/Desktop/rover_description_ws/install/rover_moveit_config/share/rover_moveit_config/hook/cmake_prefix_path.dsv'
[2.158s] INFO:colcon.colcon_core.shell:Creating environment hook '/home/claudia-elez/Desktop/rover_description_ws/install/rover_moveit_config/share/rover_moveit_config/hook/cmake_prefix_path.sh'
[2.158s] Level 1:colcon.colcon_core.environment:checking '/home/claudia-elez/Desktop/rover_description_ws/install/rover_moveit_config/bin'
[2.159s] Level 1:colcon.colcon_core.environment:checking '/home/claudia-elez/Desktop/rover_description_ws/install/rover_moveit_config/lib/pkgconfig/rover_moveit_config.pc'
[2.159s] Level 1:colcon.colcon_core.environment:checking '/home/claudia-elez/Desktop/rover_description_ws/install/rover_moveit_config/lib/python3.12/site-packages'
[2.159s] Level 1:colcon.colcon_core.environment:checking '/home/claudia-elez/Desktop/rover_description_ws/install/rover_moveit_config/bin'
[2.159s] INFO:colcon.colcon_core.shell:Creating package script '/home/claudia-elez/Desktop/rover_description_ws/install/rover_moveit_config/share/rover_moveit_config/package.ps1'
[2.159s] INFO:colcon.colcon_core.shell:Creating package descriptor '/home/claudia-elez/Desktop/rover_description_ws/install/rover_moveit_config/share/rover_moveit_config/package.dsv'
[2.160s] INFO:colcon.colcon_core.shell:Creating package script '/home/claudia-elez/Desktop/rover_description_ws/install/rover_moveit_config/share/rover_moveit_config/package.sh'
[2.160s] INFO:colcon.colcon_core.shell:Creating package script '/home/claudia-elez/Desktop/rover_description_ws/install/rover_moveit_config/share/rover_moveit_config/package.bash'
[2.160s] INFO:colcon.colcon_core.shell:Creating package script '/home/claudia-elez/Desktop/rover_description_ws/install/rover_moveit_config/share/rover_moveit_config/package.zsh'
[2.160s] Level 1:colcon.colcon_core.environment:create_file_with_runtime_dependencies(/home/claudia-elez/Desktop/rover_description_ws/install/rover_moveit_config/share/colcon-core/packages/rover_moveit_config)
[2.160s] DEBUG:colcon.colcon_parallel_executor.executor.parallel:closing loop
[2.160s] DEBUG:colcon.colcon_parallel_executor.executor.parallel:loop closed
[2.160s] DEBUG:colcon.colcon_parallel_executor.executor.parallel:run_until_complete finished with '0'
[2.160s] DEBUG:colcon.colcon_core.event_reactor:joining thread
[2.164s] INFO:colcon.colcon_core.plugin_system:Skipping extension 'colcon_notification.desktop_notification.terminal_notifier': Not used on non-Darwin systems
[2.164s] INFO:colcon.colcon_core.plugin_system:Skipping extension 'colcon_notification.desktop_notification.win32': Not used on non-Windows systems
[2.164s] INFO:colcon.colcon_notification.desktop_notification:Sending desktop notification using 'notify2'
[2.179s] DEBUG:colcon.colcon_core.event_reactor:joined thread
[2.179s] INFO:colcon.colcon_core.shell:Creating prefix script '/home/claudia-elez/Desktop/rover_description_ws/install/local_setup.ps1'
[2.180s] INFO:colcon.colcon_core.shell:Creating prefix util module '/home/claudia-elez/Desktop/rover_description_ws/install/_local_setup_util_ps1.py'
[2.180s] INFO:colcon.colcon_core.shell:Creating prefix chain script '/home/claudia-elez/Desktop/rover_description_ws/install/setup.ps1'
[2.181s] INFO:colcon.colcon_core.shell:Creating prefix script '/home/claudia-elez/Desktop/rover_description_ws/install/local_setup.sh'
[2.181s] INFO:colcon.colcon_core.shell:Creating prefix util module '/home/claudia-elez/Desktop/rover_description_ws/install/_local_setup_util_sh.py'
[2.182s] INFO:colcon.colcon_core.shell:Creating prefix chain script '/home/claudia-elez/Desktop/rover_description_ws/install/setup.sh'
[2.182s] INFO:colcon.colcon_core.shell:Creating prefix script '/home/claudia-elez/Desktop/rover_description_ws/install/local_setup.bash'
[2.183s] INFO:colcon.colcon_core.shell:Creating prefix chain script '/home/claudia-elez/Desktop/rover_description_ws/install/setup.bash'
[2.184s] INFO:colcon.colcon_core.shell:Creating prefix script '/home/claudia-elez/Desktop/rover_description_ws/install/local_setup.zsh'
[2.184s] INFO:colcon.colcon_core.shell:Creating prefix chain script '/home/claudia-elez/Desktop/rover_description_ws/install/setup.zsh'
