-- The C compiler identification is GNU 13.3.0
-- The CXX compiler identification is GNU 13.3.0
-- Detecting C compiler ABI info
-- Detecting C compiler ABI info - done
-- Check for working C compiler: /usr/bin/cc - skipped
-- Detecting C compile features
-- Detecting C compile features - done
-- Detecting CXX compiler ABI info
-- Detecting CXX compiler ABI info - done
-- Check for working CXX compiler: /usr/bin/c++ - skipped
-- Detecting CXX compile features
-- Detecting CXX compile features - done
-- Found ament_cmake: 2.5.5 (/opt/ros/jazzy/share/ament_cmake/cmake)
-- Found Python3: /usr/bin/python3 (found version "3.12.3") found components: Interpreter 
-- Override CMake install command with custom implementation using symlinks instead of copying resources
-- Found ament_lint_auto: 0.17.4 (/opt/ros/jazzy/share/ament_lint_auto/cmake)
-- Added test 'flake8' to check Python code syntax and style conventions
-- Configured 'flake8' exclude dirs and/or files: 
-- Added test 'lint_cmake' to check CMake code style
-- Added test 'pep257' to check Python code against some of the docstring style conventions in PEP 257
-- Added test 'xmllint' to check XML markup files
-- Configuring done (0.5s)
-- Generating done (0.0s)
-- Build files have been written to: /home/claudia-elez/Desktop/rover_description_ws/build/rover_description
-- Install configuration: ""
-- Execute custom install script
-- Symlinking: /home/claudia-elez/Desktop/rover_description_ws/install/rover_description/share/rover_description/urdf/arm/gripper.urdf.xacro
-- Symlinking: /home/claudia-elez/Desktop/rover_description_ws/install/rover_description/share/rover_description/urdf/arm/scara.urdf.xacro
-- Symlinking: /home/claudia-elez/Desktop/rover_description_ws/install/rover_description/share/rover_description/urdf/base/robot_base.urdf.xacro
-- Symlinking: /home/claudia-elez/Desktop/rover_description_ws/install/rover_description/share/rover_description/urdf/rover_modelado.urdf
-- Symlinking: /home/claudia-elez/Desktop/rover_description_ws/install/rover_description/share/rover_description/urdf/wheels/rover_wheels.urdf.xacro
-- Symlinking: /home/claudia-elez/Desktop/rover_description_ws/install/rover_description/share/rover_description/meshes/dae/Cube.003.dae
-- Symlinking: /home/claudia-elez/Desktop/rover_description_ws/install/rover_description/share/rover_description/meshes/dae/Cube.003.dae_history.log
-- Symlinking: /home/claudia-elez/Desktop/rover_description_ws/install/rover_description/share/rover_description/meshes/dae/Cube.004.dae
-- Symlinking: /home/claudia-elez/Desktop/rover_description_ws/install/rover_description/share/rover_description/meshes/dae/Cube.004.dae_history.log
-- Symlinking: /home/claudia-elez/Desktop/rover_description_ws/install/rover_description/share/rover_description/meshes/dae/Cube.005.dae
-- Symlinking: /home/claudia-elez/Desktop/rover_description_ws/install/rover_description/share/rover_description/meshes/dae/Cube.005.dae_history.log
-- Symlinking: /home/claudia-elez/Desktop/rover_description_ws/install/rover_description/share/rover_description/meshes/dae/Cube.007.dae
-- Symlinking: /home/claudia-elez/Desktop/rover_description_ws/install/rover_description/share/rover_description/meshes/dae/Cube.007.dae_history.log
-- Symlinking: /home/claudia-elez/Desktop/rover_description_ws/install/rover_description/share/rover_description/meshes/dae/Cylinder.001.dae
-- Symlinking: /home/claudia-elez/Desktop/rover_description_ws/install/rover_description/share/rover_description/meshes/dae/Cylinder.001.dae_history.log
-- Symlinking: /home/claudia-elez/Desktop/rover_description_ws/install/rover_description/share/rover_description/meshes/dae/Cylinder.002.dae
-- Symlinking: /home/claudia-elez/Desktop/rover_description_ws/install/rover_description/share/rover_description/meshes/dae/Cylinder.002.dae_history.log
-- Symlinking: /home/claudia-elez/Desktop/rover_description_ws/install/rover_description/share/rover_description/meshes/dae/Cylinder.003.dae
-- Symlinking: /home/claudia-elez/Desktop/rover_description_ws/install/rover_description/share/rover_description/meshes/dae/Cylinder.003.dae_history.log
-- Symlinking: /home/claudia-elez/Desktop/rover_description_ws/install/rover_description/share/rover_description/meshes/dae/Cylinder.004.dae
-- Symlinking: /home/claudia-elez/Desktop/rover_description_ws/install/rover_description/share/rover_description/meshes/dae/Cylinder.004.dae_history.log
-- Symlinking: /home/claudia-elez/Desktop/rover_description_ws/install/rover_description/share/rover_description/meshes/dae/Cylinder.005.dae
-- Symlinking: /home/claudia-elez/Desktop/rover_description_ws/install/rover_description/share/rover_description/meshes/dae/Cylinder.005.dae_history.log
-- Symlinking: /home/claudia-elez/Desktop/rover_description_ws/install/rover_description/share/rover_description/meshes/dae/Cylinder.dae
-- Symlinking: /home/claudia-elez/Desktop/rover_description_ws/install/rover_description/share/rover_description/meshes/dae/Cylinder.dae_history.log
-- Symlinking: /home/claudia-elez/Desktop/rover_description_ws/install/rover_description/share/rover_description/meshes/dae/Torus.005.dae
-- Symlinking: /home/claudia-elez/Desktop/rover_description_ws/install/rover_description/share/rover_description/meshes/dae/Torus.005.dae_history.log
-- Symlinking: /home/claudia-elez/Desktop/rover_description_ws/install/rover_description/share/rover_description/meshes/dae/Torus.006.dae
-- Symlinking: /home/claudia-elez/Desktop/rover_description_ws/install/rover_description/share/rover_description/meshes/dae/Torus.006.dae_history.log
-- Symlinking: /home/claudia-elez/Desktop/rover_description_ws/install/rover_description/share/rover_description/meshes/dae/Torus.007.dae
-- Symlinking: /home/claudia-elez/Desktop/rover_description_ws/install/rover_description/share/rover_description/meshes/dae/Torus.007.dae_history.log
-- Symlinking: /home/claudia-elez/Desktop/rover_description_ws/install/rover_description/share/rover_description/meshes/dae/Torus.008.dae
-- Symlinking: /home/claudia-elez/Desktop/rover_description_ws/install/rover_description/share/rover_description/meshes/dae/Torus.008.dae_history.log
-- Symlinking: /home/claudia-elez/Desktop/rover_description_ws/install/rover_description/share/rover_description/meshes/dae/Torus.009.dae
-- Symlinking: /home/claudia-elez/Desktop/rover_description_ws/install/rover_description/share/rover_description/meshes/dae/Torus.009.dae_history.log
-- Symlinking: /home/claudia-elez/Desktop/rover_description_ws/install/rover_description/share/rover_description/meshes/dae/Torus.dae
-- Symlinking: /home/claudia-elez/Desktop/rover_description_ws/install/rover_description/share/rover_description/meshes/dae/Torus.dae_history.log
-- Symlinking: /home/claudia-elez/Desktop/rover_description_ws/install/rover_description/share/rover_description/launch/robot_state_publisher.launch.py
-- Symlinking: /home/claudia-elez/Desktop/rover_description_ws/install/rover_description/share/rover_description/robots/robot.urdf.xacro
-- Symlinking: /home/claudia-elez/Desktop/rover_description_ws/install/rover_description/share/rover_description/rviz/robot.rviz
-- Symlinking: /home/claudia-elez/Desktop/rover_description_ws/install/rover_description/share/ament_index/resource_index/package_run_dependencies/rover_description
-- Symlinking: /home/claudia-elez/Desktop/rover_description_ws/install/rover_description/share/ament_index/resource_index/parent_prefix_path/rover_description
-- Symlinking: /home/claudia-elez/Desktop/rover_description_ws/install/rover_description/share/rover_description/environment/ament_prefix_path.sh
-- Symlinking: /home/claudia-elez/Desktop/rover_description_ws/install/rover_description/share/rover_description/environment/ament_prefix_path.dsv
-- Symlinking: /home/claudia-elez/Desktop/rover_description_ws/install/rover_description/share/rover_description/environment/path.sh
-- Symlinking: /home/claudia-elez/Desktop/rover_description_ws/install/rover_description/share/rover_description/environment/path.dsv
-- Symlinking: /home/claudia-elez/Desktop/rover_description_ws/install/rover_description/share/rover_description/local_setup.bash
-- Symlinking: /home/claudia-elez/Desktop/rover_description_ws/install/rover_description/share/rover_description/local_setup.sh
-- Symlinking: /home/claudia-elez/Desktop/rover_description_ws/install/rover_description/share/rover_description/local_setup.zsh
-- Symlinking: /home/claudia-elez/Desktop/rover_description_ws/install/rover_description/share/rover_description/local_setup.dsv
-- Symlinking: /home/claudia-elez/Desktop/rover_description_ws/install/rover_description/share/rover_description/package.dsv
-- Symlinking: /home/claudia-elez/Desktop/rover_description_ws/install/rover_description/share/ament_index/resource_index/packages/rover_description
-- Symlinking: /home/claudia-elez/Desktop/rover_description_ws/install/rover_description/share/rover_description/cmake/rover_descriptionConfig.cmake
-- Symlinking: /home/claudia-elez/Desktop/rover_description_ws/install/rover_description/share/rover_description/cmake/rover_descriptionConfig-version.cmake
-- Symlinking: /home/claudia-elez/Desktop/rover_description_ws/install/rover_description/share/rover_description/package.xml
